Archive member included because of file (symbol)

c:/program files/yagarto/bin/../lib/gcc/arm-elf/4.3.2/../../../../arm-elf/lib\libc.a(lib_a-memcpy.o)
                              ./OBJ/test.o (memcpy)
c:/program files/yagarto/bin/../lib/gcc/arm-elf/4.3.2/../../../../arm-elf/lib\libc.a(lib_a-strlen.o)
                              ./OBJ/utils.o (strlen)
c:/program files/yagarto/bin/../lib/gcc/arm-elf/4.3.2\libgcc.a(_udivsi3.o)
                              ./OBJ/file.o (__udivsi3)
c:/program files/yagarto/bin/../lib/gcc/arm-elf/4.3.2\libgcc.a(_divsi3.o)
                              ./OBJ/fs.o (__divsi3)
c:/program files/yagarto/bin/../lib/gcc/arm-elf/4.3.2\libgcc.a(_umodsi3.o)
                              ./OBJ/file.o (__umodsi3)
c:/program files/yagarto/bin/../lib/gcc/arm-elf/4.3.2\libgcc.a(_modsi3.o)
                              ./OBJ/ls.o (__modsi3)
c:/program files/yagarto/bin/../lib/gcc/arm-elf/4.3.2\libgcc.a(_dvmd_tls.o)
                              c:/program files/yagarto/bin/../lib/gcc/arm-elf/4.3.2\libgcc.a(_udivsi3.o) (__div0)

Allocating common symbols
Common symbol       size              file

tn_timer_task_stack
                    0x100             ./OBJ/tn.o
clk_head            0x1c              ./OBJ/led.o
tn_int_counter      0x4               ./OBJ/tn.o
keyRead             0x1               ./OBJ/ps2kbd.o
tn_idle_count       0x8               ./OBJ/tn.o
uart0_rx_fifo_ptr   0x200             ./OBJ/uart.o
uart0_tx_buffer     0x205             ./OBJ/uart.o
tn_curr_run_task    0x4               ./OBJ/tn.o
tn_blocked_tasks_list
                    0x8               ./OBJ/tn.o
p_record            0x4               ./OBJ/PlayInt.o
tn_next_task_to_run
                    0x4               ./OBJ/tn.o
tn_system_state     0x4               ./OBJ/tn.o
tn_wait_timeout_list
                    0x8               ./OBJ/tn.o
uart0_tx_insert_idx
                    0x2               ./OBJ/uart.o
uart1_rx_fifo_ptr   0x200             ./OBJ/uart.o
efs                 0xd64             ./OBJ/fs_api.o
uart1_tx_buffer     0x205             ./OBJ/uart.o
queue_msg_mem       0x100             ./OBJ/message_queue.o
tn_timer_task       0x7c              ./OBJ/tn.o
eot                 0x4               ./OBJ/PlayInt.o
tail                0x4               ./OBJ/led.o
blockindex          0x4               ./OBJ/PlayInt.o
mode                0x4               ./OBJ/PlayInt.o
head                0x4               ./OBJ/led.o
StatusI2C           0x1               ./OBJ/i2c.o
tn_context_switch_request
                    0x4               ./OBJ/tn.o
led_timer           0x1c              ./OBJ/led.o
in_circular_buf     0x14              ./OBJ/VCOM.o
keyBuf              0x4               ./OBJ/ps2kbd.o
in_fifo_ptr         0x213             ./OBJ/VCOM.o
out_fifo_ptr        0x200             ./OBJ/VCOM.o
uart1_tx_running    0x4               ./OBJ/uart.o
bitcount            0x1               ./OBJ/ps2kbd.o
Info                0x1               ./OBJ/i2c.o
clk_tail            0x1c              ./OBJ/led.o
uart1_rx_buf        0x14              ./OBJ/uart.o
uart0_tx_extract_idx
                    0x2               ./OBJ/uart.o
EVT_ADC0            0x14              ./OBJ/test.o
tcb_hardware_verify_task
                    0x7c              ./OBJ/app.o
keyIn               0x1               ./OBJ/ps2kbd.o
EVT_ADC1            0x14              ./OBJ/test.o
lcd_back_light_timer
                    0x1c              ./OBJ/lcd.o
uart1_tx_insert_idx
                    0x2               ./OBJ/uart.o
tn_locked_mutexes_list
                    0x8               ./OBJ/tn.o
p_wav_hdr           0x4               ./OBJ/PlayInt.o
uart0_rx_buf        0x14              ./OBJ/uart.o
tn_created_tasks_qty
                    0x4               ./OBJ/tn.o
keyOut              0x1               ./OBJ/ps2kbd.o
gr_malloc_heap      0xc00             ./OBJ/utils.o
tn_create_queue     0x8               ./OBJ/tn.o
tn_enable_switch_context
                    0x4               ./OBJ/tn.o
queueMsg            0x24              ./OBJ/message_queue.o
task_hardware_verify_stack
                    0x400             ./OBJ/app.o
tn_idle_task        0x7c              ./OBJ/tn.o
tn_ready_list       0x100             ./OBJ/tn.o
uart0_tx_running    0x4               ./OBJ/uart.o
out_circular_buf    0x14              ./OBJ/VCOM.o
tn_tslice_ticks     0x40              ./OBJ/tn.o
tn_idle_task_stack  0xc0              ./OBJ/tn.o
timer1_cb           0x4               ./OBJ/timer.o
tn_ready_to_run_bmp
                    0x4               ./OBJ/tn.o
tn_malloc_data      0xc               ./OBJ/malloc.o
buzzer_timer        0x1c              ./OBJ/buzzer.o
uart1_tx_extract_idx
                    0x2               ./OBJ/uart.o

Memory Configuration

Name             Origin             Length             Attributes
FLASH            0x00000000         0x00080000         xr
RAM              0x40000000         0x00008000         rw
*default*        0x00000000         0xffffffff

Linker script and memory map

LOAD ./OBJ/tnkernel_startup_gcc.o
LOAD ./OBJ/startup_hardware_init.o
LOAD ./OBJ/tn_port_asm.o
LOAD ./OBJ/fs_api.o
LOAD ./OBJ/led.o
LOAD ./OBJ/message_queue.o
LOAD ./OBJ/test.o
LOAD ./OBJ/VCOM.o
LOAD ./OBJ/74HC595.o
LOAD ./OBJ/PlayInt.o
LOAD ./OBJ/buzzer.o
LOAD ./OBJ/lcd.o
LOAD ./OBJ/extISR.o
LOAD ./OBJ/ps2kbd.o
LOAD ./OBJ/vga.o
LOAD ./OBJ/debug.o
LOAD ./OBJ/dir.o
LOAD ./OBJ/disc.o
LOAD ./OBJ/efs.o
LOAD ./OBJ/extract.o
LOAD ./OBJ/fat.o
LOAD ./OBJ/file.o
LOAD ./OBJ/fs.o
LOAD ./OBJ/lpc2000_dbg_printf.o
LOAD ./OBJ/lpc2000_sd.o
LOAD ./OBJ/sd.o
LOAD ./OBJ/ioman.o
LOAD ./OBJ/ls.o
LOAD ./OBJ/mkfs.o
LOAD ./OBJ/partition.o
LOAD ./OBJ/plibc.o
LOAD ./OBJ/time.o
LOAD ./OBJ/ui.o
LOAD ./OBJ/usbcontrol.o
LOAD ./OBJ/usbhw_lpc.o
LOAD ./OBJ/usbinit.o
LOAD ./OBJ/usbstdreq.o
LOAD ./OBJ/tn.o
LOAD ./OBJ/tn_dqueue.o
LOAD ./OBJ/tn_event.o
LOAD ./OBJ/tn_mem.o
LOAD ./OBJ/tn_mutex.o
LOAD ./OBJ/tn_port.o
LOAD ./OBJ/tn_sem.o
LOAD ./OBJ/tn_tasks.o
LOAD ./OBJ/tn_utils.o
LOAD ./OBJ/tn_user.o
LOAD ./OBJ/adc.o
LOAD ./OBJ/dac.o
LOAD ./OBJ/ext_interrupt.o
LOAD ./OBJ/hardware.o
LOAD ./OBJ/i2c.o
LOAD ./OBJ/pwm.o
LOAD ./OBJ/rtc.o
LOAD ./OBJ/rtcISR.o
LOAD ./OBJ/spi.o
LOAD ./OBJ/ssp.o
LOAD ./OBJ/timer.o
LOAD ./OBJ/uart.o
LOAD ./OBJ/uart_isr.o
LOAD ./OBJ/circular_buf.o
LOAD ./OBJ/malloc.o
LOAD ./OBJ/SoftTimer.o
LOAD ./OBJ/utils.o
LOAD ./OBJ/app.o
LOAD c:/program files/yagarto/bin/../lib/gcc/arm-elf/4.3.2/../../../../arm-elf/lib\libc.a
LOAD c:/program files/yagarto/bin/../lib/gcc/arm-elf/4.3.2/../../../../arm-elf/lib\libm.a
LOAD c:/program files/yagarto/bin/../lib/gcc/arm-elf/4.3.2/../../../../arm-elf/lib\libc.a
LOAD c:/program files/yagarto/bin/../lib/gcc/arm-elf/4.3.2\libgcc.a
START GROUP
LOAD c:/program files/yagarto/bin/../lib/gcc/arm-elf/4.3.2\libgcc.a
LOAD c:/program files/yagarto/bin/../lib/gcc/arm-elf/4.3.2/../../../../arm-elf/lib\libc.a
END GROUP
                0x00000400                heap_size = 0x400
                0x00000010                stack_fiq_size = 0x10
                0x00000200                stack_irq_size = 0x200
                0x00000400                stack_app_size = 0x400

.text           0x00000000    0x12c64
 *(.reset)
 .reset         0x00000000       0x40 ./OBJ/tnkernel_startup_gcc.o
                0x00000000                __main
                0x00000000                __reset
 *(.text)
 .text          0x00000040       0xbc ./OBJ/tnkernel_startup_gcc.o
 .text          0x000000fc       0x44 ./OBJ/startup_hardware_init.o
                0x00000120                tn_arm_disable_interrupts
                0x00000130                tn_arm_enable_interrupts
                0x00000104                tn_startup_hardware_init
 .text          0x00000140      0x260 ./OBJ/tn_port_asm.o
                0x00000320                ffs_asm
                0x0000014c                tn_switch_context_exit
                0x000001f8                tn_cpu_irq_isr
                0x00000188                tn_switch_context
                0x00000314                tn_chk_irq_disabled
                0x0000030c                tn_cpu_restore_sr
                0x0000024c                tn_int_ctx_switch
                0x00000140                tn_start_exe
                0x000002e0                tn_cpu_fiq_isr
                0x000002ec                tn_cpu_save_sr
 .text          0x000003a0       0xf0 ./OBJ/fs_api.o
                0x00000434                get_available_free_size
                0x000003a0                set_file_system_status
                0x000003b0                get_file_system_status
                0x00000470                fs_init
                0x00000418                fs_close
                0x0000044c                fopen
                0x000003c0                delete_file
 .text          0x00000490      0x16c ./OBJ/led.o
                0x000004b8                test_leds
                0x000004a0                get_led_intensity
                0x00000578                leds_on
                0x00000584                led_timer_function
                0x00000490                set_led_intensity
                0x0000056c                turn_off_all_leds
                0x00000534                LED_refresh_timer_init
 .text          0x000005fc       0x68 ./OBJ/message_queue.o
                0x0000061c                post_imessage_queue
                0x000005fc                get_message_queue
                0x0000063c                message_queue_init
 .text          0x00000664      0x2e8 ./OBJ/test.o
                0x00000868                test_uart0
                0x00000830                test_uart1
                0x00000664                is_valid_ascii
                0x000008a0                process_adc
                0x000008e4                process_lcd
                0x0000067c                check_at24c256_connction
                0x000006b4                test_i2c_at24c256_flash
                0x000007a8                test_sd_card
                0x000007f0                test_usb
 .text          0x0000094c      0x328 ./OBJ/VCOM.o
                0x0000094c                VCOM_write
                0x000009ac                VCOM_read
                0x00000a04                VCOM_init
 .text          0x00000c74       0xc0 ./OBJ/74HC595.o
                0x00000c74                turn_on_led
                0x00000cf4                parallel_data_output_high_74hc595
                0x00000cb4                parallel_data_output_low_74hc595
 .text          0x00000d34      0x1cc ./OBJ/PlayInt.o
                0x00000d54                play_audio
                0x00000ea0                init_timer1_for_audio
                0x00000d34                play_snd
 .text          0x00000f00       0x8c ./OBJ/buzzer.o
                0x00000f24                buzzer_on
                0x00000f00                turn_off_buzzer
 .text          0x00000f8c      0x340 ./OBJ/lcd.o
                0x0000103c                lcd_data_write
                0x000010b4                lcd_command_write
                0x00001148                lcd_gotoxy
                0x00001198                lcd_putstring
                0x000011e8                lcd_clear
                0x00001264                lcd_backlight_on
                0x00000fe0                wait_lcd
                0x00000fbc                turn_off_lcd_back_light_cb
                0x000010a4                lcd_putchar
                0x000011f8                init_lcd
                0x00000f8c                set_lcd_port_output
 .text          0x000012cc       0xd0 ./OBJ/extISR.o
                0x000012cc                extISR0
 .text          0x0000139c      0x304 ./OBJ/ps2kbd.o
                0x000014a0                decode
                0x00001644                xgetkey
                0x00001448                putkeybuf
                0x0000162c                keyhit
                0x0000139c                init_keyboard
 .text          0x000016a0      0x278 ./OBJ/vga.o
                0x0000172c                init_Hsync
                0x000017cc                init_vga
                0x000016a0                vsync_timer_function
 .text          0x00001918        0x0 ./OBJ/debug.o
 .text          0x00001918      0x648 ./OBJ/dir.o
                0x00001ad8                dir_updateDirectoryEntry
                0x00001e00                dir_findinCluster
                0x00001ec8                dir_findinDir
                0x00001b68                dir_setFirstCluster
                0x00001d08                dir_findinBuf
                0x000019a4                dir_addCluster
                0x00001d38                dir_findinRootArea
                0x00001bbc                dir_createDirectoryEntry
                0x00001a08                dir_createDefaultEntry
                0x00001c5c                dir_findFileinBuf
                0x00001b28                dir_setFileSize
                0x00001a50                dir_getFatFileName
                0x00001c08                dir_getFileStructure
                0x00001918                dir_findFreeEntryinBuf
 .text          0x00001f60       0x94 ./OBJ/disc.o
                0x00001fdc                disc_initDisc
                0x00001f60                disc_loadMBR
 .text          0x00001ff4       0xc0 ./OBJ/efs.o
                0x00001ff4                efs_init
 .text          0x000020b4       0xf8 ./OBJ/extract.o
                0x00002134                ex_getPartitionField
                0x000020b4                ex_getb16
                0x00002114                ex_setb32
                0x000020d4                ex_getb32
                0x000021a8                ex_setPartitionField
                0x00002104                ex_setb16
 .text          0x000021ac      0xb78 ./OBJ/fat.o
                0x00002708                fat_getNextClusterChain
                0x000022c8                fat_setNextClusterAddressWBuf
                0x000021ac                fat_getSectorAddressFatEntry
                0x00002420                fat_getNextClusterAddressWBuf
                0x00002818                fat_LogicToDiscCluster
                0x0000299c                fat_setNextClusterAddress
                0x00002cc8                fat_countFreeClusters
                0x00002bcc                fat_getNextClusterAddress
                0x000028c8                fat_DiscToLogicCluster
                0x00002220                fat_isEocMarker
                0x000024e8                fat_allocClusterChain
                0x0000228c                fat_giveEocMarker
                0x0000293c                fat_countClustersInChain
                0x00002b4c                fat_unlinkClusterChain
 .text          0x00002d24      0xb18 ./OBJ/file.o
                0x00003674                file_write
                0x00002e14                file_normalToFatName
                0x00002f84                file_requiredCluster
                0x00002f70                file_getAttr
                0x00002d94                file_validateChar
                0x000030cc                file_fopen
                0x00003810                file_read
                0x000036a0                file_fread
                0x00002f3c                file_setAttr
                0x00003024                file_fclose
                0x00002d24                file_setpos
                0x00002d48                file_initFile
                0x00003490                file_fwrite
 .text          0x0000383c      0x994 ./OBJ/fs.o
                0x00003900                fs_countDataSectors
                0x00004044                fs_loadVolumeId
                0x00003a90                fs_sectorToCluster
                0x00003998                fs_determineFatType
                0x00004154                fs_initFs
                0x00003a38                fs_clusterToSector
                0x00003ddc                fs_findFile
                0x00003f3c                fs_findFreeFile
                0x00003b4c                fs_setFirstClusterInDirEntry
                0x00003b04                fs_getFirstClusterRootDir
                0x00003d30                fs_flushFs
                0x00003d54                fs_umount
                0x00003afc                fs_giveFreeClusterHint
                0x00003d68                fs_getLastCluster
                0x000039e4                fs_findFirstSectorRootDir
                0x00003b5c                fs_setFsInfo
                0x00003ff4                fs_getNextFreeCluster
                0x0000383c                fs_verifySanity
                0x00003bfc                fs_getFsInfo
                0x00003b2c                fs_initClusterChain
                0x00003b18                fs_initCurrentDir
                0x00003cb8                fs_clearCluster
                0x00004100                fs_isValidFat
 .text          0x000041d0      0x30c ./OBJ/lpc2000_dbg_printf.o
                0x000041d0                lpc2000_debug_devopen
                0x00004214                lpc2000_debug_printf
 .text          0x000044dc       0xe8 ./OBJ/lpc2000_sd.o
                0x00004554                if_spiInit
                0x000044dc                if_spiSend
                0x00004528                if_writeBuf
                0x0000453c                if_readBuf
                0x0000457c                if_initInterface
 .text          0x000045c4      0x42c ./OBJ/sd.o
                0x000047a8                sd_getDriveSize
                0x0000488c                sd_readSector
                0x000045c4                sd_Resp8bError
                0x00004630                sd_Command
                0x000045c8                sd_Resp8b
                0x00004958                sd_writeSector
                0x00004600                sd_Resp16b
                0x000046b4                sd_State
                0x000046f0                sd_Init
 .text          0x000049f0     0x1014 ./OBJ/ioman.o
                0x00005514                ioman_putSectorInCache
                0x00005414                ioman_flushRange
                0x00004d74                ioman_getPtr
                0x00004cbc                ioman_push
                0x00004ebc                ioman_findFreeSpot
                0x00004a90                ioman_getUseCnt
                0x00005138                ioman_printStatus
                0x000052cc                ioman_flushSector
                0x000054d8                ioman_readSector
                0x00004f18                ioman_findUnusedSpot
                0x0000561c                ioman_getSector
                0x00004e4c                ioman_findSectorInCache
                0x00005044                ioman_findOverallocableSpot
                0x00005908                ioman_reset
                0x00004bb4                ioman_decRefCnt
                0x00004da0                ioman_getBp
                0x00004af0                ioman_decUseCnt
                0x000049f0                ioman_getBuffer
                0x00005180                ioman_writeSector
                0x00005590                ioman_releaseSector
                0x000051c0                ioman_directSectorWrite
                0x000059cc                ioman_init
                0x00005374                ioman_flushAll
                0x00004b7c                ioman_incRefCnt
                0x000049f8                ioman_setAttr
                0x0000583c                ioman_directSectorRead
                0x00004c18                ioman_pop
                0x00004a5c                ioman_getAttr
                0x00004b28                ioman_resetUseCnt
                0x00004b54                ioman_getRefCnt
                0x00004bec                ioman_resetRefCnt
                0x00004ab8                ioman_incUseCnt
                0x00004e04                ioman_resetCacheItem
 .text          0x00005a04      0x2dc ./OBJ/ls.o
                0x00005a90                ls_getRootAreaEntry
                0x00005a40                ls_fileEntryToDirListEntry
                0x00005bdc                ls_getDirEntry
                0x00005b18                ls_getRealDirEntry
                0x00005c18                ls_getNext
                0x00005a04                ls_isValidFileEntry
                0x00005c70                ls_openDir
 .text          0x00005ce0      0x208 ./OBJ/mkfs.o
                0x00005ce0                mkfs_makevfat
 .text          0x00005ee8      0x1e8 ./OBJ/partition.o
                0x00006040                part_getSect
                0x0000609c                part_readBuf
                0x00005f6c                part_getRealLBA
                0x00005f28                part_initPartition
                0x00005fb4                part_directSectorRead
                0x00005ee8                part_isFatPart
                0x00006068                part_writeBuf
                0x00006024                part_relSect
                0x00005fe4                part_flushPart
                0x00005f84                part_directSectorWrite
 .text          0x000060d0       0xb0 ./OBJ/plibc.o
                0x00006160                memSet
                0x00006140                memClr
                0x0000611c                memCpy
                0x000060d0                strMatch
 .text          0x00006180       0x18 ./OBJ/time.o
                0x00006180                fs_makeDate
                0x00006188                fs_makeTime
                0x00006190                fs_hasTimeSupport
 .text          0x00006198      0x4ac ./OBJ/ui.o
                0x000063dc                rmfile
                0x00006498                listFiles
                0x00006198                mkdir
 .text          0x00006644      0x24c ./OBJ/usbcontrol.o
                0x000066fc                USBHandleControlTransfer
                0x00006680                USBRegisterRequestHandler
 .text          0x00006890      0x674 ./OBJ/usbhw_lpc.o
                0x00006b90                USBHwEPRead
                0x00006c5c                USBHwISR
                0x00006ea8                Read_EpStatus
                0x00006b04                USBHwEPWrite
                0x00006ab4                USBHwEPIsStalled
                0x00006954                USBHwEPConfig
                0x00006a6c                USBHwSetAddress
                0x00006a88                USBHwConnect
                0x00006a04                USBHwConfigureEPasFastInt
                0x00006ad8                USBHwEPStall
                0x00006a24                USBHwRegisterDevIntHandler
                0x000069a8                USBHwRegisterEPIntHandler
                0x00006c44                USBHwConfigDevice
                0x00006aa0                USBHwNakIntEnable
                0x00006d94                USBHwInit
                0x00006a48                USBHwRegisterFrameHandler
 .text          0x00006f04       0x7c ./OBJ/usbinit.o
                0x00006f2c                USBInit
                0x00006f1c                is_usb_cable_connected
 .text          0x00006f80      0x388 ./OBJ/usbstdreq.o
                0x00006f90                USBGetDescriptor
                0x00007024                USBRegisterCustomReqHandler
                0x00006f80                USBRegisterDescriptors
                0x00007034                get_USB_enumeration_status
                0x00007044                USBHandleStandardRequest
 .text          0x00007308      0x3cc ./OBJ/tn.o
                0x00007330                tn_tick_int_processing
                0x000074c0                tn_sys_tslice_ticks
                0x00007558                tn_start_system
 .text          0x000076d4      0x86c ./OBJ/tn_dqueue.o
                0x000076d4                tn_queue_ireceive
                0x00007ec4                tn_queue_create
                0x000079f8                tn_queue_send_polling
                0x00007c24                tn_queue_receive
                0x00007da4                tn_queue_send
                0x000077f8                tn_queue_isend_polling
                0x000078bc                tn_queue_receive_polling
                0x00007ad4                tn_queue_delete
 .text          0x00007f40      0x884 ./OBJ/tn_event.o
                0x00007f40                tn_event_iclear
                0x00007fc4                tn_event_clear
                0x00008154                tn_event_wait_polling
                0x000084dc                tn_event_wait
                0x00008654                tn_event_delete
                0x00008404                tn_event_set
                0x00008748                tn_event_create
                0x00008050                tn_event_iwait
                0x00008338                tn_event_iset
 .text          0x000087c4      0x638 ./OBJ/tn_mem.o
                0x00008820                tn_fmem_get_ipolling
                0x000088ac                tn_fmem_irelease
                0x00008974                tn_fmem_get_polling
                0x00008cc8                tn_fmem_create
                0x00008aec                tn_fmem_delete
                0x00008a14                tn_fmem_release
                0x00008be0                tn_fmem_get
 .text          0x00008dfc      0xa48 ./OBJ/tn_mutex.o
                0x00009580                tn_mutex_lock
                0x000097bc                tn_mutex_create
                0x00008dfc                remove_task_from_blocked_list
                0x000093a0                tn_mutex_unlock
                0x00008e54                enable_lock_mutex
                0x00009468                tn_mutex_delete
                0x00008f14                try_lock_mutex
                0x0000925c                tn_mutex_lock_polling
                0x00008ff8                do_unlock_mutex
                0x00008fa0                find_max_blocked_priority
 .text          0x00009844      0x140 ./OBJ/tn_port.o
                0x0000994c                get_task_by_block_queque
                0x0000995c                get_mutex_by_mutex_queque
                0x00009844                tn_stack_init
                0x0000992c                get_task_by_timer_queque
                0x0000996c                get_mutex_by_lock_mutex_queque
                0x0000993c                get_task_by_tsk_queue
                0x0000997c                get_mutex_by_wait_queque
 .text          0x00009984      0x564 ./OBJ/tn_sem.o
                0x00009e3c                tn_sem_create
                0x00009ab0                tn_sem_acquire
                0x00009d48                tn_sem_delete
                0x00009a14                tn_sem_polling
                0x00009c5c                tn_sem_signal
                0x00009984                tn_sem_ipolling
                0x00009b88                tn_sem_isignal
 .text          0x00009ee8     0x1250 ./OBJ/tn_tasks.o
                0x0000a524                tn_task_iwakeup
                0x0000a6a8                tn_task_change_priority
                0x0000a5f4                tn_task_delete
                0x0000abb8                tn_task_suspend
                0x0000a3a8                tn_task_irelease_wait
                0x0000b040                tn_task_exit
                0x0000a930                tn_task_wakeup
                0x0000a28c                task_to_non_runnable
                0x0000ace8                tn_task_terminate
                0x0000a0fc                set_current_priority
                0x0000ae90                tn_task_create
                0x0000aa1c                tn_task_sleep
                0x0000a010                change_running_task_priority
                0x0000a43c                tn_task_iactivate
                0x00009fd4                find_next_task_to_run
                0x00009ee8                task_set_dormant_state
                0x0000a788                tn_task_release_wait
                0x0000a1a4                task_wait_complete
                0x0000a83c                tn_task_activate
                0x0000a328                task_curr_to_wait_action
                0x0000aac0                tn_task_resume
                0x00009f60                task_to_runnable
 .text          0x0000b138      0x1f8 ./OBJ/tn_utils.o
                0x0000b17c                queue_add_tail
                0x0000b144                is_queue_empty
                0x0000b1f4                queue_contains_entry
                0x0000b1e0                queue_remove_entry
                0x0000b1c0                queue_remove_tail
                0x0000b168                queue_add_head
                0x0000b138                queue_reset
                0x0000b194                queue_remove_head
                0x0000b2c0                dque_fifo_read
                0x0000b234                dque_fifo_write
 .text          0x0000b330       0x88 ./OBJ/tn_user.o
                0x0000b378                tn_int_default_func
                0x0000b394                tn_timer0_int_func
                0x0000b388                tn_cpu_int_enable
                0x0000b330                tn_cpu_irq_handler
                0x0000b350                tn_uart0_int_func
 .text          0x0000b3b8       0xe0 ./OBJ/adc.o
                0x0000b3d8                adc_read
                0x0000b3d4                init_adc1
                0x0000b3b8                init_adc0
 .text          0x0000b498       0x98 ./OBJ/dac.o
                0x0000b4c4                start_dac_conversion
                0x0000b498                init_dac
 .text          0x0000b530       0xa0 ./OBJ/ext_interrupt.o
                0x0000b530                init_ext_interrupt
                0x0000b5a4                extISR2
 .text          0x0000b5d0      0x11c ./OBJ/hardware.o
                0x0000b624                HardwareInit
                0x0000b5d0                init_ports
                0x0000b5fc                init_watchdog_timer
 .text          0x0000b6ec      0x88c ./OBJ/i2c.o
                0x0000bd5c                i2c_master_write
                0x0000ba48                i2c_repeat_start
                0x0000b8b8                i2c_master_getchar
                0x0000bc08                i2c_master_read
                0x0000bb30                i2c_start
                0x0000b9e4                i2c_check_status
                0x0000b784                i2c_reset
                0x0000bec8                i2c_write_poll
                0x0000b7c0                i2c_stop
                0x0000b6ec                i2c_init
                0x0000b838                i2c_master_putchar
 .text          0x0000bf78       0xe0 ./OBJ/pwm.o
                0x0000c00c                PWM_Set
                0x0000bfa0                PWM_Init
                0x0000bf78                PWMHandler
                0x0000c024                PWM_Start
                0x0000c040                PWM_Stop
 .text          0x0000c058      0x238 ./OBJ/rtc.o
                0x0000c0f0                rtcSetAlarm
                0x0000c244                get_time
                0x0000c1f8                set_time
                0x0000c170                rtcPeriodicAlarm
                0x0000c058                init_rtc
 .text          0x0000c290       0xe0 ./OBJ/rtcISR.o
                0x0000c290                rtcISR
 .text          0x0000c370      0x23c ./OBJ/spi.o
                0x0000c370                SPI_ChipSelect
                0x0000c4d0                SPI_ClearBuffer
                0x0000c4e8                SPI_WriteRead
                0x0000c400                SPI_Write
                0x0000c398                SPI_Init
                0x0000c484                SPI_Read
 .text          0x0000c5ac      0x130 ./OBJ/ssp.o
                0x0000c628                spi1_send
                0x0000c680                spi1_receive
                0x0000c5ac                spi1_init
 .text          0x0000c6dc       0xec ./OBJ/timer.o
                0x0000c7a4                timer1_int_func
                0x0000c6dc                init_timer0
                0x0000c740                init_timer1
 .text          0x0000c7c8      0x6bc ./OBJ/uart.o
                0x0000ccb0                uart1Puts
                0x0000cdac                uart1Getch
                0x0000cdb4                init_uart1
                0x0000c9f0                uart0Write
                0x0000cd6c                uart1TxFlush
                0x0000cb9c                uart1Putch
                0x0000ce14                uart1Receive
                0x0000cd4c                uart1TxEmpty
                0x0000c8a4                uart0Putch
                0x0000c7c8                uart0Init
                0x0000cabc                uart1Init
                0x0000ca74                uart0TxFlush
                0x0000cde4                init_uart0
                0x0000c9b8                uart0Puts
                0x0000cab4                uart0Getch
                0x0000cc74                uart1Space
                0x0000c97c                uart0Space
                0x0000ce4c                uart0Receive
                0x0000cce8                uart1Write
                0x0000ca54                uart0TxEmpty
 .text          0x0000ce84      0x300 ./OBJ/uart_isr.o
                0x0000ce84                uart1ISR
                0x0000d00c                uart0ISR
 .text          0x0000d184      0x27c ./OBJ/circular_buf.o
                0x0000d20c                getCirBufAvailableSize
                0x0000d2a0                flushCirBuf
                0x0000d1bc                getCirBufSize
                0x0000d230                peekIntoCirBuf
                0x0000d368                pushToCirBuf
                0x0000d184                CirBufInit
                0x0000d2d4                popFromCirBuf
 .text          0x0000d400      0x58c ./OBJ/malloc.o
                0x0000d510                tn_free
                0x0000d838                tn_realloc
                0x0000d6c4                tn_malloc
                0x0000d7a0                tn_calloc
                0x0000d7e0                tn_malloc_init
 .text          0x0000d98c      0x284 ./OBJ/SoftTimer.o
                0x0000d9cc                init_software_timer
                0x0000d98c                check_timeout
                0x0000db70                uclk_handler
                0x0000d99c                def_uclk
                0x0000daa0                reg_uclk
                0x0000da38                dereg_uclk
 .text          0x0000dc10      0x208 ./OBJ/utils.o
                0x0000dc30                s_memcpy
                0x0000dd64                reverse
                0x0000dd44                malloc_init
                0x0000dca4                s_strncmp
                0x0000dd38                u_malloc
                0x0000dd2c                u_free
                0x0000dd04                divide
                0x0000dd28                delay
                0x0000dc10                s_memset
                0x0000dda8                u_itoa
 .text          0x0000de18      0x16c ./OBJ/app.o
                0x0000df14                main
                0x0000de18                hardware_verify_task
                0x0000dec8                tn_app_init
 .text          0x0000df84       0xfc c:/program files/yagarto/bin/../lib/gcc/arm-elf/4.3.2/../../../../arm-elf/lib\libc.a(lib_a-memcpy.o)
                0x0000df84                memcpy
 .text          0x0000e080       0x9c c:/program files/yagarto/bin/../lib/gcc/arm-elf/4.3.2/../../../../arm-elf/lib\libc.a(lib_a-strlen.o)
                0x0000e080                strlen
 .text          0x0000e11c      0x110 c:/program files/yagarto/bin/../lib/gcc/arm-elf/4.3.2\libgcc.a(_udivsi3.o)
                0x0000e11c                __udivsi3
                0x0000e11c                __aeabi_uidiv
                0x0000e214                __aeabi_uidivmod
 .text          0x0000e22c      0x140 c:/program files/yagarto/bin/../lib/gcc/arm-elf/4.3.2\libgcc.a(_divsi3.o)
                0x0000e22c                __aeabi_idiv
                0x0000e22c                __divsi3
                0x0000e354                __aeabi_idivmod
 .text          0x0000e36c       0xcc c:/program files/yagarto/bin/../lib/gcc/arm-elf/4.3.2\libgcc.a(_umodsi3.o)
                0x0000e36c                __umodsi3
 .text          0x0000e438       0xe4 c:/program files/yagarto/bin/../lib/gcc/arm-elf/4.3.2\libgcc.a(_modsi3.o)
                0x0000e438                __modsi3
 .text          0x0000e51c        0x4 c:/program files/yagarto/bin/../lib/gcc/arm-elf/4.3.2\libgcc.a(_dvmd_tls.o)
                0x0000e51c                __aeabi_ldiv0
                0x0000e51c                __div0
                0x0000e51c                __aeabi_idiv0
 *(.rodata)
 .rodata        0x0000e520       0x15 ./OBJ/test.o
                0x0000e520                led_mask_buf
 .rodata        0x0000e535       0xac ./OBJ/VCOM.o
 .rodata        0x0000e5e1     0x42ec ./OBJ/PlayInt.o
                0x0000e5e1                wav_data
 .rodata        0x000128cd      0x12a ./OBJ/ps2kbd.o
                0x0001296d                shifted
                0x000128cd                unshifted
 *(.rodata*)
 *fill*         0x000129f7        0x1 00
 .rodata.str1.4
                0x000129f8        0x2 ./OBJ/fs_api.o
                                  0x4 (size before relaxing)
 *fill*         0x000129fa        0x2 00
 .rodata.str1.4
                0x000129fc      0x209 ./OBJ/test.o
                                0x20c (size before relaxing)
 *fill*         0x00012c05        0x3 00
 .rodata.str1.4
                0x00012c08       0x20 ./OBJ/lcd.o
 .rodata.str1.4
                0x00012c28       0x21 ./OBJ/mkfs.o
                                 0x24 (size before relaxing)
 *fill*         0x00012c49        0x3 00
 .rodata.str1.4
                0x00012c4c       0x18 ./OBJ/ui.o
 *(.glue_7)
 .glue_7        0x00012c64        0x0 ./OBJ/tnkernel_startup_gcc.o
 .glue_7        0x00012c64        0x0 ./OBJ/startup_hardware_init.o
 .glue_7        0x00012c64        0x0 ./OBJ/tn_port_asm.o
 .glue_7        0x00012c64        0x0 ./OBJ/fs_api.o
 .glue_7        0x00012c64        0x0 ./OBJ/led.o
 .glue_7        0x00012c64        0x0 ./OBJ/message_queue.o
 .glue_7        0x00012c64        0x0 ./OBJ/test.o
 .glue_7        0x00012c64        0x0 ./OBJ/VCOM.o
 .glue_7        0x00012c64        0x0 ./OBJ/74HC595.o
 .glue_7        0x00012c64        0x0 ./OBJ/PlayInt.o
 .glue_7        0x00012c64        0x0 ./OBJ/buzzer.o
 .glue_7        0x00012c64        0x0 ./OBJ/lcd.o
 .glue_7        0x00012c64        0x0 ./OBJ/extISR.o
 .glue_7        0x00012c64        0x0 ./OBJ/ps2kbd.o
 .glue_7        0x00012c64        0x0 ./OBJ/vga.o
 .glue_7        0x00012c64        0x0 ./OBJ/debug.o
 .glue_7        0x00012c64        0x0 ./OBJ/dir.o
 .glue_7        0x00012c64        0x0 ./OBJ/disc.o
 .glue_7        0x00012c64        0x0 ./OBJ/efs.o
 .glue_7        0x00012c64        0x0 ./OBJ/extract.o
 .glue_7        0x00012c64        0x0 ./OBJ/fat.o
 .glue_7        0x00012c64        0x0 ./OBJ/file.o
 .glue_7        0x00012c64        0x0 ./OBJ/fs.o
 .glue_7        0x00012c64        0x0 ./OBJ/lpc2000_dbg_printf.o
 .glue_7        0x00012c64        0x0 ./OBJ/lpc2000_sd.o
 .glue_7        0x00012c64        0x0 ./OBJ/sd.o
 .glue_7        0x00012c64        0x0 ./OBJ/ioman.o
 .glue_7        0x00012c64        0x0 ./OBJ/ls.o
 .glue_7        0x00012c64        0x0 ./OBJ/mkfs.o
 .glue_7        0x00012c64        0x0 ./OBJ/partition.o
 .glue_7        0x00012c64        0x0 ./OBJ/plibc.o
 .glue_7        0x00012c64        0x0 ./OBJ/time.o
 .glue_7        0x00012c64        0x0 ./OBJ/ui.o
 .glue_7        0x00012c64        0x0 ./OBJ/usbcontrol.o
 .glue_7        0x00012c64        0x0 ./OBJ/usbhw_lpc.o
 .glue_7        0x00012c64        0x0 ./OBJ/usbinit.o
 .glue_7        0x00012c64        0x0 ./OBJ/usbstdreq.o
 .glue_7        0x00012c64        0x0 ./OBJ/tn.o
 .glue_7        0x00012c64        0x0 ./OBJ/tn_dqueue.o
 .glue_7        0x00012c64        0x0 ./OBJ/tn_event.o
 .glue_7        0x00012c64        0x0 ./OBJ/tn_mem.o
 .glue_7        0x00012c64        0x0 ./OBJ/tn_mutex.o
 .glue_7        0x00012c64        0x0 ./OBJ/tn_port.o
 .glue_7        0x00012c64        0x0 ./OBJ/tn_sem.o
 .glue_7        0x00012c64        0x0 ./OBJ/tn_tasks.o
 .glue_7        0x00012c64        0x0 ./OBJ/tn_utils.o
 .glue_7        0x00012c64        0x0 ./OBJ/tn_user.o
 .glue_7        0x00012c64        0x0 ./OBJ/adc.o
 .glue_7        0x00012c64        0x0 ./OBJ/dac.o
 .glue_7        0x00012c64        0x0 ./OBJ/ext_interrupt.o
 .glue_7        0x00012c64        0x0 ./OBJ/hardware.o
 .glue_7        0x00012c64        0x0 ./OBJ/i2c.o
 .glue_7        0x00012c64        0x0 ./OBJ/pwm.o
 .glue_7        0x00012c64        0x0 ./OBJ/rtc.o
 .glue_7        0x00012c64        0x0 ./OBJ/rtcISR.o
 .glue_7        0x00012c64        0x0 ./OBJ/spi.o
 .glue_7        0x00012c64        0x0 ./OBJ/ssp.o
 .glue_7        0x00012c64        0x0 ./OBJ/timer.o
 .glue_7        0x00012c64        0x0 ./OBJ/uart.o
 .glue_7        0x00012c64        0x0 ./OBJ/uart_isr.o
 .glue_7        0x00012c64        0x0 ./OBJ/circular_buf.o
 .glue_7        0x00012c64        0x0 ./OBJ/malloc.o
 .glue_7        0x00012c64        0x0 ./OBJ/SoftTimer.o
 .glue_7        0x00012c64        0x0 ./OBJ/utils.o
 .glue_7        0x00012c64        0x0 ./OBJ/app.o
 .glue_7        0x00012c64        0x0 c:/program files/yagarto/bin/../lib/gcc/arm-elf/4.3.2/../../../../arm-elf/lib\libc.a(lib_a-memcpy.o)
 .glue_7        0x00012c64        0x0 c:/program files/yagarto/bin/../lib/gcc/arm-elf/4.3.2/../../../../arm-elf/lib\libc.a(lib_a-strlen.o)
 .glue_7        0x00012c64        0x0 c:/program files/yagarto/bin/../lib/gcc/arm-elf/4.3.2\libgcc.a(_udivsi3.o)
 .glue_7        0x00012c64        0x0 c:/program files/yagarto/bin/../lib/gcc/arm-elf/4.3.2\libgcc.a(_divsi3.o)
 .glue_7        0x00012c64        0x0 c:/program files/yagarto/bin/../lib/gcc/arm-elf/4.3.2\libgcc.a(_umodsi3.o)
 .glue_7        0x00012c64        0x0 c:/program files/yagarto/bin/../lib/gcc/arm-elf/4.3.2\libgcc.a(_modsi3.o)
 .glue_7        0x00012c64        0x0 c:/program files/yagarto/bin/../lib/gcc/arm-elf/4.3.2\libgcc.a(_dvmd_tls.o)
 *(.glue_7t)
 .glue_7t       0x00012c64        0x0 ./OBJ/tnkernel_startup_gcc.o
 .glue_7t       0x00012c64        0x0 ./OBJ/startup_hardware_init.o
 .glue_7t       0x00012c64        0x0 ./OBJ/tn_port_asm.o
 .glue_7t       0x00012c64        0x0 ./OBJ/fs_api.o
 .glue_7t       0x00012c64        0x0 ./OBJ/led.o
 .glue_7t       0x00012c64        0x0 ./OBJ/message_queue.o
 .glue_7t       0x00012c64        0x0 ./OBJ/test.o
 .glue_7t       0x00012c64        0x0 ./OBJ/VCOM.o
 .glue_7t       0x00012c64        0x0 ./OBJ/74HC595.o
 .glue_7t       0x00012c64        0x0 ./OBJ/PlayInt.o
 .glue_7t       0x00012c64        0x0 ./OBJ/buzzer.o
 .glue_7t       0x00012c64        0x0 ./OBJ/lcd.o
 .glue_7t       0x00012c64        0x0 ./OBJ/extISR.o
 .glue_7t       0x00012c64        0x0 ./OBJ/ps2kbd.o
 .glue_7t       0x00012c64        0x0 ./OBJ/vga.o
 .glue_7t       0x00012c64        0x0 ./OBJ/debug.o
 .glue_7t       0x00012c64        0x0 ./OBJ/dir.o
 .glue_7t       0x00012c64        0x0 ./OBJ/disc.o
 .glue_7t       0x00012c64        0x0 ./OBJ/efs.o
 .glue_7t       0x00012c64        0x0 ./OBJ/extract.o
 .glue_7t       0x00012c64        0x0 ./OBJ/fat.o
 .glue_7t       0x00012c64        0x0 ./OBJ/file.o
 .glue_7t       0x00012c64        0x0 ./OBJ/fs.o
 .glue_7t       0x00012c64        0x0 ./OBJ/lpc2000_dbg_printf.o
 .glue_7t       0x00012c64        0x0 ./OBJ/lpc2000_sd.o
 .glue_7t       0x00012c64        0x0 ./OBJ/sd.o
 .glue_7t       0x00012c64        0x0 ./OBJ/ioman.o
 .glue_7t       0x00012c64        0x0 ./OBJ/ls.o
 .glue_7t       0x00012c64        0x0 ./OBJ/mkfs.o
 .glue_7t       0x00012c64        0x0 ./OBJ/partition.o
 .glue_7t       0x00012c64        0x0 ./OBJ/plibc.o
 .glue_7t       0x00012c64        0x0 ./OBJ/time.o
 .glue_7t       0x00012c64        0x0 ./OBJ/ui.o
 .glue_7t       0x00012c64        0x0 ./OBJ/usbcontrol.o
 .glue_7t       0x00012c64        0x0 ./OBJ/usbhw_lpc.o
 .glue_7t       0x00012c64        0x0 ./OBJ/usbinit.o
 .glue_7t       0x00012c64        0x0 ./OBJ/usbstdreq.o
 .glue_7t       0x00012c64        0x0 ./OBJ/tn.o
 .glue_7t       0x00012c64        0x0 ./OBJ/tn_dqueue.o
 .glue_7t       0x00012c64        0x0 ./OBJ/tn_event.o
 .glue_7t       0x00012c64        0x0 ./OBJ/tn_mem.o
 .glue_7t       0x00012c64        0x0 ./OBJ/tn_mutex.o
 .glue_7t       0x00012c64        0x0 ./OBJ/tn_port.o
 .glue_7t       0x00012c64        0x0 ./OBJ/tn_sem.o
 .glue_7t       0x00012c64        0x0 ./OBJ/tn_tasks.o
 .glue_7t       0x00012c64        0x0 ./OBJ/tn_utils.o
 .glue_7t       0x00012c64        0x0 ./OBJ/tn_user.o
 .glue_7t       0x00012c64        0x0 ./OBJ/adc.o
 .glue_7t       0x00012c64        0x0 ./OBJ/dac.o
 .glue_7t       0x00012c64        0x0 ./OBJ/ext_interrupt.o
 .glue_7t       0x00012c64        0x0 ./OBJ/hardware.o
 .glue_7t       0x00012c64        0x0 ./OBJ/i2c.o
 .glue_7t       0x00012c64        0x0 ./OBJ/pwm.o
 .glue_7t       0x00012c64        0x0 ./OBJ/rtc.o
 .glue_7t       0x00012c64        0x0 ./OBJ/rtcISR.o
 .glue_7t       0x00012c64        0x0 ./OBJ/spi.o
 .glue_7t       0x00012c64        0x0 ./OBJ/ssp.o
 .glue_7t       0x00012c64        0x0 ./OBJ/timer.o
 .glue_7t       0x00012c64        0x0 ./OBJ/uart.o
 .glue_7t       0x00012c64        0x0 ./OBJ/uart_isr.o
 .glue_7t       0x00012c64        0x0 ./OBJ/circular_buf.o
 .glue_7t       0x00012c64        0x0 ./OBJ/malloc.o
 .glue_7t       0x00012c64        0x0 ./OBJ/SoftTimer.o
 .glue_7t       0x00012c64        0x0 ./OBJ/utils.o
 .glue_7t       0x00012c64        0x0 ./OBJ/app.o
 .glue_7t       0x00012c64        0x0 c:/program files/yagarto/bin/../lib/gcc/arm-elf/4.3.2/../../../../arm-elf/lib\libc.a(lib_a-memcpy.o)
 .glue_7t       0x00012c64        0x0 c:/program files/yagarto/bin/../lib/gcc/arm-elf/4.3.2/../../../../arm-elf/lib\libc.a(lib_a-strlen.o)
 .glue_7t       0x00012c64        0x0 c:/program files/yagarto/bin/../lib/gcc/arm-elf/4.3.2\libgcc.a(_udivsi3.o)
 .glue_7t       0x00012c64        0x0 c:/program files/yagarto/bin/../lib/gcc/arm-elf/4.3.2\libgcc.a(_divsi3.o)
 .glue_7t       0x00012c64        0x0 c:/program files/yagarto/bin/../lib/gcc/arm-elf/4.3.2\libgcc.a(_umodsi3.o)
 .glue_7t       0x00012c64        0x0 c:/program files/yagarto/bin/../lib/gcc/arm-elf/4.3.2\libgcc.a(_modsi3.o)
 .glue_7t       0x00012c64        0x0 c:/program files/yagarto/bin/../lib/gcc/arm-elf/4.3.2\libgcc.a(_dvmd_tls.o)

.vfp11_veneer   0x00012c64        0x0
 .vfp11_veneer  0x00012c64        0x0 ./OBJ/tnkernel_startup_gcc.o
 .vfp11_veneer  0x00012c64        0x0 ./OBJ/startup_hardware_init.o
 .vfp11_veneer  0x00012c64        0x0 ./OBJ/tn_port_asm.o
 .vfp11_veneer  0x00012c64        0x0 ./OBJ/fs_api.o
 .vfp11_veneer  0x00012c64        0x0 ./OBJ/led.o
 .vfp11_veneer  0x00012c64        0x0 ./OBJ/message_queue.o
 .vfp11_veneer  0x00012c64        0x0 ./OBJ/test.o
 .vfp11_veneer  0x00012c64        0x0 ./OBJ/VCOM.o
 .vfp11_veneer  0x00012c64        0x0 ./OBJ/74HC595.o
 .vfp11_veneer  0x00012c64        0x0 ./OBJ/PlayInt.o
 .vfp11_veneer  0x00012c64        0x0 ./OBJ/buzzer.o
 .vfp11_veneer  0x00012c64        0x0 ./OBJ/lcd.o
 .vfp11_veneer  0x00012c64        0x0 ./OBJ/extISR.o
 .vfp11_veneer  0x00012c64        0x0 ./OBJ/ps2kbd.o
 .vfp11_veneer  0x00012c64        0x0 ./OBJ/vga.o
 .vfp11_veneer  0x00012c64        0x0 ./OBJ/debug.o
 .vfp11_veneer  0x00012c64        0x0 ./OBJ/dir.o
 .vfp11_veneer  0x00012c64        0x0 ./OBJ/disc.o
 .vfp11_veneer  0x00012c64        0x0 ./OBJ/efs.o
 .vfp11_veneer  0x00012c64        0x0 ./OBJ/extract.o
 .vfp11_veneer  0x00012c64        0x0 ./OBJ/fat.o
 .vfp11_veneer  0x00012c64        0x0 ./OBJ/file.o
 .vfp11_veneer  0x00012c64        0x0 ./OBJ/fs.o
 .vfp11_veneer  0x00012c64        0x0 ./OBJ/lpc2000_dbg_printf.o
 .vfp11_veneer  0x00012c64        0x0 ./OBJ/lpc2000_sd.o
 .vfp11_veneer  0x00012c64        0x0 ./OBJ/sd.o
 .vfp11_veneer  0x00012c64        0x0 ./OBJ/ioman.o
 .vfp11_veneer  0x00012c64        0x0 ./OBJ/ls.o
 .vfp11_veneer  0x00012c64        0x0 ./OBJ/mkfs.o
 .vfp11_veneer  0x00012c64        0x0 ./OBJ/partition.o
 .vfp11_veneer  0x00012c64        0x0 ./OBJ/plibc.o
 .vfp11_veneer  0x00012c64        0x0 ./OBJ/time.o
 .vfp11_veneer  0x00012c64        0x0 ./OBJ/ui.o
 .vfp11_veneer  0x00012c64        0x0 ./OBJ/usbcontrol.o
 .vfp11_veneer  0x00012c64        0x0 ./OBJ/usbhw_lpc.o
 .vfp11_veneer  0x00012c64        0x0 ./OBJ/usbinit.o
 .vfp11_veneer  0x00012c64        0x0 ./OBJ/usbstdreq.o
 .vfp11_veneer  0x00012c64        0x0 ./OBJ/tn.o
 .vfp11_veneer  0x00012c64        0x0 ./OBJ/tn_dqueue.o
 .vfp11_veneer  0x00012c64        0x0 ./OBJ/tn_event.o
 .vfp11_veneer  0x00012c64        0x0 ./OBJ/tn_mem.o
 .vfp11_veneer  0x00012c64        0x0 ./OBJ/tn_mutex.o
 .vfp11_veneer  0x00012c64        0x0 ./OBJ/tn_port.o
 .vfp11_veneer  0x00012c64        0x0 ./OBJ/tn_sem.o
 .vfp11_veneer  0x00012c64        0x0 ./OBJ/tn_tasks.o
 .vfp11_veneer  0x00012c64        0x0 ./OBJ/tn_utils.o
 .vfp11_veneer  0x00012c64        0x0 ./OBJ/tn_user.o
 .vfp11_veneer  0x00012c64        0x0 ./OBJ/adc.o
 .vfp11_veneer  0x00012c64        0x0 ./OBJ/dac.o
 .vfp11_veneer  0x00012c64        0x0 ./OBJ/ext_interrupt.o
 .vfp11_veneer  0x00012c64        0x0 ./OBJ/hardware.o
 .vfp11_veneer  0x00012c64        0x0 ./OBJ/i2c.o
 .vfp11_veneer  0x00012c64        0x0 ./OBJ/pwm.o
 .vfp11_veneer  0x00012c64        0x0 ./OBJ/rtc.o
 .vfp11_veneer  0x00012c64        0x0 ./OBJ/rtcISR.o
 .vfp11_veneer  0x00012c64        0x0 ./OBJ/spi.o
 .vfp11_veneer  0x00012c64        0x0 ./OBJ/ssp.o
 .vfp11_veneer  0x00012c64        0x0 ./OBJ/timer.o
 .vfp11_veneer  0x00012c64        0x0 ./OBJ/uart.o
 .vfp11_veneer  0x00012c64        0x0 ./OBJ/uart_isr.o
 .vfp11_veneer  0x00012c64        0x0 ./OBJ/circular_buf.o
 .vfp11_veneer  0x00012c64        0x0 ./OBJ/malloc.o
 .vfp11_veneer  0x00012c64        0x0 ./OBJ/SoftTimer.o
 .vfp11_veneer  0x00012c64        0x0 ./OBJ/utils.o
 .vfp11_veneer  0x00012c64        0x0 ./OBJ/app.o
 .vfp11_veneer  0x00012c64        0x0 c:/program files/yagarto/bin/../lib/gcc/arm-elf/4.3.2/../../../../arm-elf/lib\libc.a(lib_a-memcpy.o)
 .vfp11_veneer  0x00012c64        0x0 c:/program files/yagarto/bin/../lib/gcc/arm-elf/4.3.2/../../../../arm-elf/lib\libc.a(lib_a-strlen.o)
 .vfp11_veneer  0x00012c64        0x0 c:/program files/yagarto/bin/../lib/gcc/arm-elf/4.3.2\libgcc.a(_udivsi3.o)
 .vfp11_veneer  0x00012c64        0x0 c:/program files/yagarto/bin/../lib/gcc/arm-elf/4.3.2\libgcc.a(_divsi3.o)
 .vfp11_veneer  0x00012c64        0x0 c:/program files/yagarto/bin/../lib/gcc/arm-elf/4.3.2\libgcc.a(_umodsi3.o)
 .vfp11_veneer  0x00012c64        0x0 c:/program files/yagarto/bin/../lib/gcc/arm-elf/4.3.2\libgcc.a(_modsi3.o)
 .vfp11_veneer  0x00012c64        0x0 c:/program files/yagarto/bin/../lib/gcc/arm-elf/4.3.2\libgcc.a(_dvmd_tls.o)
                0x00012c64                . = ALIGN (0x4)
                0x00012c64                _etext = .
                0x00012c64                PROVIDE (etext, .)

.data           0x40000000      0x20e load address 0x00012c64
                0x40000000                _data = .
 *(.data)
 .data          0x40000000        0x0 ./OBJ/tnkernel_startup_gcc.o
 .data          0x40000000        0x0 ./OBJ/startup_hardware_init.o
 .data          0x40000000        0x0 ./OBJ/tn_port_asm.o
 .data          0x40000000      0x203 ./OBJ/fs_api.o
                0x40000000                bin_data
                0x40000200                extra_bytes
 .data          0x40000203        0x0 ./OBJ/led.o
 .data          0x40000203        0x0 ./OBJ/message_queue.o
 .data          0x40000203        0x0 ./OBJ/test.o
 *fill*         0x40000203        0x1 00
 .data          0x40000204        0x8 ./OBJ/VCOM.o
 .data          0x4000020c        0x0 ./OBJ/74HC595.o
 .data          0x4000020c        0x0 ./OBJ/PlayInt.o
 .data          0x4000020c        0x0 ./OBJ/buzzer.o
 .data          0x4000020c        0x0 ./OBJ/lcd.o
 .data          0x4000020c        0x0 ./OBJ/extISR.o
 .data          0x4000020c        0x0 ./OBJ/ps2kbd.o
 .data          0x4000020c        0x2 ./OBJ/vga.o
                0x4000020c                vsyn_state
 .data          0x4000020e        0x0 ./OBJ/debug.o
 .data          0x4000020e        0x0 ./OBJ/dir.o
 .data          0x4000020e        0x0 ./OBJ/disc.o
 .data          0x4000020e        0x0 ./OBJ/efs.o
 .data          0x4000020e        0x0 ./OBJ/extract.o
 .data          0x4000020e        0x0 ./OBJ/fat.o
 .data          0x4000020e        0x0 ./OBJ/file.o
 .data          0x4000020e        0x0 ./OBJ/fs.o
 .data          0x4000020e        0x0 ./OBJ/lpc2000_dbg_printf.o
 .data          0x4000020e        0x0 ./OBJ/lpc2000_sd.o
 .data          0x4000020e        0x0 ./OBJ/sd.o
 .data          0x4000020e        0x0 ./OBJ/ioman.o
 .data          0x4000020e        0x0 ./OBJ/ls.o
 .data          0x4000020e        0x0 ./OBJ/mkfs.o
 .data          0x4000020e        0x0 ./OBJ/partition.o
 .data          0x4000020e        0x0 ./OBJ/plibc.o
 .data          0x4000020e        0x0 ./OBJ/time.o
 .data          0x4000020e        0x0 ./OBJ/ui.o
 .data          0x4000020e        0x0 ./OBJ/usbcontrol.o
 .data          0x4000020e        0x0 ./OBJ/usbhw_lpc.o
 .data          0x4000020e        0x0 ./OBJ/usbinit.o
 .data          0x4000020e        0x0 ./OBJ/usbstdreq.o
 .data          0x4000020e        0x0 ./OBJ/tn.o
 .data          0x4000020e        0x0 ./OBJ/tn_dqueue.o
 .data          0x4000020e        0x0 ./OBJ/tn_event.o
 .data          0x4000020e        0x0 ./OBJ/tn_mem.o
 .data          0x4000020e        0x0 ./OBJ/tn_mutex.o
 .data          0x4000020e        0x0 ./OBJ/tn_port.o
 .data          0x4000020e        0x0 ./OBJ/tn_sem.o
 .data          0x4000020e        0x0 ./OBJ/tn_tasks.o
 .data          0x4000020e        0x0 ./OBJ/tn_utils.o
 .data          0x4000020e        0x0 ./OBJ/tn_user.o
 .data          0x4000020e        0x0 ./OBJ/adc.o
 .data          0x4000020e        0x0 ./OBJ/dac.o
 .data          0x4000020e        0x0 ./OBJ/ext_interrupt.o
 .data          0x4000020e        0x0 ./OBJ/hardware.o
 .data          0x4000020e        0x0 ./OBJ/i2c.o
 .data          0x4000020e        0x0 ./OBJ/pwm.o
 .data          0x4000020e        0x0 ./OBJ/rtc.o
 .data          0x4000020e        0x0 ./OBJ/rtcISR.o
 .data          0x4000020e        0x0 ./OBJ/spi.o
 .data          0x4000020e        0x0 ./OBJ/ssp.o
 .data          0x4000020e        0x0 ./OBJ/timer.o
 .data          0x4000020e        0x0 ./OBJ/uart.o
 .data          0x4000020e        0x0 ./OBJ/uart_isr.o
 .data          0x4000020e        0x0 ./OBJ/circular_buf.o
 .data          0x4000020e        0x0 ./OBJ/malloc.o
 .data          0x4000020e        0x0 ./OBJ/SoftTimer.o
 .data          0x4000020e        0x0 ./OBJ/utils.o
 .data          0x4000020e        0x0 ./OBJ/app.o
 .data          0x4000020e        0x0 c:/program files/yagarto/bin/../lib/gcc/arm-elf/4.3.2/../../../../arm-elf/lib\libc.a(lib_a-memcpy.o)
 .data          0x4000020e        0x0 c:/program files/yagarto/bin/../lib/gcc/arm-elf/4.3.2/../../../../arm-elf/lib\libc.a(lib_a-strlen.o)
 .data          0x4000020e        0x0 c:/program files/yagarto/bin/../lib/gcc/arm-elf/4.3.2\libgcc.a(_udivsi3.o)
 .data          0x4000020e        0x0 c:/program files/yagarto/bin/../lib/gcc/arm-elf/4.3.2\libgcc.a(_divsi3.o)
 .data          0x4000020e        0x0 c:/program files/yagarto/bin/../lib/gcc/arm-elf/4.3.2\libgcc.a(_umodsi3.o)
 .data          0x4000020e        0x0 c:/program files/yagarto/bin/../lib/gcc/arm-elf/4.3.2\libgcc.a(_modsi3.o)
 .data          0x4000020e        0x0 c:/program files/yagarto/bin/../lib/gcc/arm-elf/4.3.2\libgcc.a(_dvmd_tls.o)
                0x40000210                . = ALIGN (0x4)
                0x40000210                _edata = .
                0x40000210                PROVIDE (edata, .)

.bss            0x40000210     0x31b0 load address 0x00012e74
                0x40000210                __bss_start = .
                0x40000210                __bss_start__ = .
 *(.bss)
 .bss           0x40000210        0x0 ./OBJ/tnkernel_startup_gcc.o
 .bss           0x40000210        0x0 ./OBJ/startup_hardware_init.o
 .bss           0x40000210        0x0 ./OBJ/tn_port_asm.o
 .bss           0x40000210        0x1 ./OBJ/fs_api.o
 *fill*         0x40000211        0x3 00
 .bss           0x40000214        0x8 ./OBJ/led.o
 .bss           0x4000021c        0x0 ./OBJ/message_queue.o
 .bss           0x4000021c        0x1 ./OBJ/test.o
 *fill*         0x4000021d        0x3 00
 .bss           0x40000220       0x48 ./OBJ/VCOM.o
 .bss           0x40000268        0x0 ./OBJ/74HC595.o
 .bss           0x40000268        0x2 ./OBJ/PlayInt.o
 .bss           0x4000026a        0x0 ./OBJ/buzzer.o
 .bss           0x4000026a        0x0 ./OBJ/lcd.o
 .bss           0x4000026a        0x1 ./OBJ/extISR.o
 .bss           0x4000026b        0x2 ./OBJ/ps2kbd.o
 .bss           0x4000026d        0x0 ./OBJ/vga.o
 .bss           0x4000026d        0x0 ./OBJ/debug.o
 .bss           0x4000026d        0x0 ./OBJ/dir.o
 .bss           0x4000026d        0x0 ./OBJ/disc.o
 .bss           0x4000026d        0x0 ./OBJ/efs.o
 .bss           0x4000026d        0x0 ./OBJ/extract.o
 .bss           0x4000026d        0x0 ./OBJ/fat.o
 .bss           0x4000026d        0x0 ./OBJ/file.o
 .bss           0x4000026d        0x0 ./OBJ/fs.o
 *fill*         0x4000026d        0x3 00
 .bss           0x40000270        0x4 ./OBJ/lpc2000_dbg_printf.o
 .bss           0x40000274        0x0 ./OBJ/lpc2000_sd.o
 .bss           0x40000274        0x0 ./OBJ/sd.o
 .bss           0x40000274        0x0 ./OBJ/ioman.o
 .bss           0x40000274        0x0 ./OBJ/ls.o
 .bss           0x40000274        0x0 ./OBJ/mkfs.o
 .bss           0x40000274        0x0 ./OBJ/partition.o
 .bss           0x40000274        0x0 ./OBJ/plibc.o
 .bss           0x40000274        0x0 ./OBJ/time.o
 .bss           0x40000274        0x0 ./OBJ/ui.o
 .bss           0x40000274       0x34 ./OBJ/usbcontrol.o
 .bss           0x400002a8       0x48 ./OBJ/usbhw_lpc.o
 .bss           0x400002f0        0x9 ./OBJ/usbinit.o
 *fill*         0x400002f9        0x3 00
 .bss           0x400002fc       0x10 ./OBJ/usbstdreq.o
 .bss           0x4000030c        0x0 ./OBJ/tn.o
 .bss           0x4000030c        0x0 ./OBJ/tn_dqueue.o
 .bss           0x4000030c        0x0 ./OBJ/tn_event.o
 .bss           0x4000030c        0x0 ./OBJ/tn_mem.o
 .bss           0x4000030c        0x0 ./OBJ/tn_mutex.o
 .bss           0x4000030c        0x0 ./OBJ/tn_port.o
 .bss           0x4000030c        0x0 ./OBJ/tn_sem.o
 .bss           0x4000030c        0x0 ./OBJ/tn_tasks.o
 .bss           0x4000030c        0x0 ./OBJ/tn_utils.o
 .bss           0x4000030c        0x0 ./OBJ/tn_user.o
 .bss           0x4000030c        0x0 ./OBJ/adc.o
 .bss           0x4000030c        0x0 ./OBJ/dac.o
 .bss           0x4000030c        0x0 ./OBJ/ext_interrupt.o
 .bss           0x4000030c        0x0 ./OBJ/hardware.o
 .bss           0x4000030c        0x0 ./OBJ/i2c.o
 .bss           0x4000030c        0x0 ./OBJ/pwm.o
 .bss           0x4000030c        0x0 ./OBJ/rtc.o
 .bss           0x4000030c        0x0 ./OBJ/rtcISR.o
 .bss           0x4000030c        0x0 ./OBJ/spi.o
 .bss           0x4000030c        0x0 ./OBJ/ssp.o
 .bss           0x4000030c        0x0 ./OBJ/timer.o
 .bss           0x4000030c        0x0 ./OBJ/uart.o
 .bss           0x4000030c        0x0 ./OBJ/uart_isr.o
 .bss           0x4000030c        0x0 ./OBJ/circular_buf.o
 .bss           0x4000030c        0x0 ./OBJ/malloc.o
 .bss           0x4000030c        0x0 ./OBJ/SoftTimer.o
 .bss           0x4000030c        0x0 ./OBJ/utils.o
 .bss           0x4000030c        0x0 ./OBJ/app.o
 .bss           0x4000030c        0x0 c:/program files/yagarto/bin/../lib/gcc/arm-elf/4.3.2/../../../../arm-elf/lib\libc.a(lib_a-memcpy.o)
 .bss           0x4000030c        0x0 c:/program files/yagarto/bin/../lib/gcc/arm-elf/4.3.2/../../../../arm-elf/lib\libc.a(lib_a-strlen.o)
 .bss           0x4000030c        0x0 c:/program files/yagarto/bin/../lib/gcc/arm-elf/4.3.2\libgcc.a(_udivsi3.o)
 .bss           0x4000030c        0x0 c:/program files/yagarto/bin/../lib/gcc/arm-elf/4.3.2\libgcc.a(_divsi3.o)
 .bss           0x4000030c        0x0 c:/program files/yagarto/bin/../lib/gcc/arm-elf/4.3.2\libgcc.a(_umodsi3.o)
 .bss           0x4000030c        0x0 c:/program files/yagarto/bin/../lib/gcc/arm-elf/4.3.2\libgcc.a(_modsi3.o)
 .bss           0x4000030c        0x0 c:/program files/yagarto/bin/../lib/gcc/arm-elf/4.3.2\libgcc.a(_dvmd_tls.o)
 *(COMMON)
 COMMON         0x4000030c      0xd64 ./OBJ/fs_api.o
                0x4000030c                efs
 COMMON         0x40001070       0x5c ./OBJ/led.o
                0x40001070                clk_head
                0x4000108c                tail
                0x40001090                head
                0x40001094                led_timer
                0x400010b0                clk_tail
 COMMON         0x400010cc      0x124 ./OBJ/message_queue.o
                0x400010cc                queue_msg_mem
                0x400011cc                queueMsg
 COMMON         0x400011f0       0x28 ./OBJ/test.o
                0x400011f0                EVT_ADC0
                0x40001204                EVT_ADC1
 COMMON         0x40001218      0x43c ./OBJ/VCOM.o
                0x40001218                in_circular_buf
                0x4000122c                in_fifo_ptr
                0x4000143f                out_fifo_ptr
                0x40001640                out_circular_buf
 COMMON         0x40001654       0x14 ./OBJ/PlayInt.o
                0x40001654                p_record
                0x40001658                eot
                0x4000165c                blockindex
                0x40001660                mode
                0x40001664                p_wav_hdr
 COMMON         0x40001668       0x1c ./OBJ/buzzer.o
                0x40001668                buzzer_timer
 COMMON         0x40001684       0x1c ./OBJ/lcd.o
                0x40001684                lcd_back_light_timer
 COMMON         0x400016a0        0x8 ./OBJ/ps2kbd.o
                0x400016a0                keyRead
                0x400016a1                keyBuf
                0x400016a5                bitcount
                0x400016a6                keyIn
                0x400016a7                keyOut
 COMMON         0x400016a8      0x440 ./OBJ/tn.o
                0x400016a8                tn_timer_task_stack
                0x400017a8                tn_int_counter
                0x400017ac                tn_idle_count
                0x400017b4                tn_curr_run_task
                0x400017b8                tn_blocked_tasks_list
                0x400017c0                tn_next_task_to_run
                0x400017c4                tn_system_state
                0x400017c8                tn_wait_timeout_list
                0x400017d0                tn_timer_task
                0x4000184c                tn_context_switch_request
                0x40001850                tn_locked_mutexes_list
                0x40001858                tn_created_tasks_qty
                0x4000185c                tn_create_queue
                0x40001864                tn_enable_switch_context
                0x40001868                tn_idle_task
                0x400018e4                tn_ready_list
                0x400019e4                tn_tslice_ticks
                0x40001a24                tn_idle_task_stack
                0x40001ae4                tn_ready_to_run_bmp
 COMMON         0x40001ae8        0x2 ./OBJ/i2c.o
                0x40001ae8                StatusI2C
                0x40001ae9                Info
 *fill*         0x40001aea        0x2 00
 COMMON         0x40001aec        0x4 ./OBJ/timer.o
                0x40001aec                timer1_cb
 COMMON         0x40001af0      0x846 ./OBJ/uart.o
                0x40001af0                uart0_rx_fifo_ptr
                0x40001cf0                uart0_tx_buffer
                0x40001ef6                uart0_tx_insert_idx
                0x40001ef8                uart1_rx_fifo_ptr
                0x400020f8                uart1_tx_buffer
                0x40002300                uart1_tx_running
                0x40002304                uart1_rx_buf
                0x40002318                uart0_tx_extract_idx
                0x4000231a                uart1_tx_insert_idx
                0x4000231c                uart0_rx_buf
                0x40002330                uart0_tx_running
                0x40002334                uart1_tx_extract_idx
 *fill*         0x40002336        0x2 00
 COMMON         0x40002338        0xc ./OBJ/malloc.o
                0x40002338                tn_malloc_data
 COMMON         0x40002344      0xc00 ./OBJ/utils.o
                0x40002344                gr_malloc_heap
 COMMON         0x40002f44      0x47c ./OBJ/app.o
                0x40002f44                tcb_hardware_verify_task
                0x40002fc0                task_hardware_verify_stack
                0x400033c0                . = ALIGN (0x4)
                0x400033c0                . = ALIGN (0x4)
                0x400033c0                __bss_end__ = .
                0x400033c0                PROVIDE (__bss_end, .)

.heap           0x400033c0        0x0
                0x400033c0                __heap_start__ = .
 *(.heap)
                0x400037c0                __heap_end__ = (__heap_start__ + heap_size)

.stack_bottom   0x400037c0        0x0
                0x400037c0                __stack__bottom__ = .
 *(.stack)
                0x400037d0                __stack_bottom_end__ = (__stack__bottom__ + stack_fiq_size)

.stack_fiq_bottom
                0x400037d0        0x0
                0x400037d0                __stack__fiq_bottom__ = .
 *(.stack)
                0x400039d0                __stack_fiq_bottom_end__ = (__stack__fiq_bottom__ + stack_irq_size)

.stack_irq_bottom
                0x400039d0        0x0
                0x400039d0                __stack_irq_bottom__ = .
 *(.stack)
                0x40003dd0                __stack_irq_bottom_end__ = (__stack_irq_bottom__ + stack_app_size)
                0x400039d0                _end = .
                0x400039d0                PROVIDE (end, .)

.stab
 *(.stab)

.stabstr
 *(.stabstr)

.stab.excl
 *(.stab.excl)

.stab.exclstr
 *(.stab.exclstr)

.stab.index
 *(.stab.index)

.stab.indexstr
 *(.stab.indexstr)

.comment        0x00000000      0x480
 *(.comment)
 .comment       0x00000000       0x12 ./OBJ/fs_api.o
 .comment       0x00000012       0x12 ./OBJ/led.o
 .comment       0x00000024       0x12 ./OBJ/message_queue.o
 .comment       0x00000036       0x12 ./OBJ/test.o
 .comment       0x00000048       0x12 ./OBJ/VCOM.o
 .comment       0x0000005a       0x12 ./OBJ/74HC595.o
 .comment       0x0000006c       0x12 ./OBJ/PlayInt.o
 .comment       0x0000007e       0x12 ./OBJ/buzzer.o
 .comment       0x00000090       0x12 ./OBJ/lcd.o
 .comment       0x000000a2       0x12 ./OBJ/extISR.o
 .comment       0x000000b4       0x12 ./OBJ/ps2kbd.o
 .comment       0x000000c6       0x12 ./OBJ/vga.o
 .comment       0x000000d8       0x12 ./OBJ/debug.o
 .comment       0x000000ea       0x12 ./OBJ/dir.o
 .comment       0x000000fc       0x12 ./OBJ/disc.o
 .comment       0x0000010e       0x12 ./OBJ/efs.o
 .comment       0x00000120       0x12 ./OBJ/extract.o
 .comment       0x00000132       0x12 ./OBJ/fat.o
 .comment       0x00000144       0x12 ./OBJ/file.o
 .comment       0x00000156       0x12 ./OBJ/fs.o
 .comment       0x00000168       0x12 ./OBJ/lpc2000_dbg_printf.o
 .comment       0x0000017a       0x12 ./OBJ/lpc2000_sd.o
 .comment       0x0000018c       0x12 ./OBJ/sd.o
 .comment       0x0000019e       0x12 ./OBJ/ioman.o
 .comment       0x000001b0       0x12 ./OBJ/ls.o
 .comment       0x000001c2       0x12 ./OBJ/mkfs.o
 .comment       0x000001d4       0x12 ./OBJ/partition.o
 .comment       0x000001e6       0x12 ./OBJ/plibc.o
 .comment       0x000001f8       0x12 ./OBJ/time.o
 .comment       0x0000020a       0x12 ./OBJ/ui.o
 .comment       0x0000021c       0x12 ./OBJ/usbcontrol.o
 .comment       0x0000022e       0x12 ./OBJ/usbhw_lpc.o
 .comment       0x00000240       0x12 ./OBJ/usbinit.o
 .comment       0x00000252       0x12 ./OBJ/usbstdreq.o
 .comment       0x00000264       0x12 ./OBJ/tn.o
 .comment       0x00000276       0x12 ./OBJ/tn_dqueue.o
 .comment       0x00000288       0x12 ./OBJ/tn_event.o
 .comment       0x0000029a       0x12 ./OBJ/tn_mem.o
 .comment       0x000002ac       0x12 ./OBJ/tn_mutex.o
 .comment       0x000002be       0x12 ./OBJ/tn_port.o
 .comment       0x000002d0       0x12 ./OBJ/tn_sem.o
 .comment       0x000002e2       0x12 ./OBJ/tn_tasks.o
 .comment       0x000002f4       0x12 ./OBJ/tn_utils.o
 .comment       0x00000306       0x12 ./OBJ/tn_user.o
 .comment       0x00000318       0x12 ./OBJ/adc.o
 .comment       0x0000032a       0x12 ./OBJ/dac.o
 .comment       0x0000033c       0x12 ./OBJ/ext_interrupt.o
 .comment       0x0000034e       0x12 ./OBJ/hardware.o
 .comment       0x00000360       0x12 ./OBJ/i2c.o
 .comment       0x00000372       0x12 ./OBJ/pwm.o
 .comment       0x00000384       0x12 ./OBJ/rtc.o
 .comment       0x00000396       0x12 ./OBJ/rtcISR.o
 .comment       0x000003a8       0x12 ./OBJ/spi.o
 .comment       0x000003ba       0x12 ./OBJ/ssp.o
 .comment       0x000003cc       0x12 ./OBJ/timer.o
 .comment       0x000003de       0x12 ./OBJ/uart.o
 .comment       0x000003f0       0x12 ./OBJ/uart_isr.o
 .comment       0x00000402       0x12 ./OBJ/circular_buf.o
 .comment       0x00000414       0x12 ./OBJ/malloc.o
 .comment       0x00000426       0x12 ./OBJ/SoftTimer.o
 .comment       0x00000438       0x12 ./OBJ/utils.o
 .comment       0x0000044a       0x12 ./OBJ/app.o
 .comment       0x0000045c       0x12 c:/program files/yagarto/bin/../lib/gcc/arm-elf/4.3.2/../../../../arm-elf/lib\libc.a(lib_a-memcpy.o)
 .comment       0x0000046e       0x12 c:/program files/yagarto/bin/../lib/gcc/arm-elf/4.3.2/../../../../arm-elf/lib\libc.a(lib_a-strlen.o)

.debug
 *(.debug)

.line
 *(.line)

.debug_srcinfo
 *(.debug_srcinfo)

.debug_sfnames
 *(.debug_sfnames)

.debug_aranges  0x00000000      0x880
 *(.debug_aranges)
 .debug_aranges
                0x00000000       0x20 ./OBJ/fs_api.o
 .debug_aranges
                0x00000020       0x20 ./OBJ/led.o
 .debug_aranges
                0x00000040       0x20 ./OBJ/message_queue.o
 .debug_aranges
                0x00000060       0x20 ./OBJ/test.o
 .debug_aranges
                0x00000080       0x20 ./OBJ/VCOM.o
 .debug_aranges
                0x000000a0       0x20 ./OBJ/74HC595.o
 .debug_aranges
                0x000000c0       0x20 ./OBJ/PlayInt.o
 .debug_aranges
                0x000000e0       0x20 ./OBJ/buzzer.o
 .debug_aranges
                0x00000100       0x20 ./OBJ/lcd.o
 .debug_aranges
                0x00000120       0x20 ./OBJ/extISR.o
 .debug_aranges
                0x00000140       0x20 ./OBJ/ps2kbd.o
 .debug_aranges
                0x00000160       0x20 ./OBJ/vga.o
 .debug_aranges
                0x00000180       0x20 ./OBJ/dir.o
 .debug_aranges
                0x000001a0       0x20 ./OBJ/disc.o
 .debug_aranges
                0x000001c0       0x20 ./OBJ/efs.o
 .debug_aranges
                0x000001e0       0x20 ./OBJ/extract.o
 .debug_aranges
                0x00000200       0x20 ./OBJ/fat.o
 .debug_aranges
                0x00000220       0x20 ./OBJ/file.o
 .debug_aranges
                0x00000240       0x20 ./OBJ/fs.o
 .debug_aranges
                0x00000260       0x20 ./OBJ/lpc2000_dbg_printf.o
 .debug_aranges
                0x00000280       0x20 ./OBJ/lpc2000_sd.o
 .debug_aranges
                0x000002a0       0x20 ./OBJ/sd.o
 .debug_aranges
                0x000002c0       0x20 ./OBJ/ioman.o
 .debug_aranges
                0x000002e0       0x20 ./OBJ/ls.o
 .debug_aranges
                0x00000300       0x20 ./OBJ/mkfs.o
 .debug_aranges
                0x00000320       0x20 ./OBJ/partition.o
 .debug_aranges
                0x00000340       0x20 ./OBJ/plibc.o
 .debug_aranges
                0x00000360       0x20 ./OBJ/time.o
 .debug_aranges
                0x00000380       0x20 ./OBJ/ui.o
 .debug_aranges
                0x000003a0       0x20 ./OBJ/usbcontrol.o
 .debug_aranges
                0x000003c0       0x20 ./OBJ/usbhw_lpc.o
 .debug_aranges
                0x000003e0       0x20 ./OBJ/usbinit.o
 .debug_aranges
                0x00000400       0x20 ./OBJ/usbstdreq.o
 .debug_aranges
                0x00000420       0x20 ./OBJ/tn.o
 .debug_aranges
                0x00000440       0x20 ./OBJ/tn_dqueue.o
 .debug_aranges
                0x00000460       0x20 ./OBJ/tn_event.o
 .debug_aranges
                0x00000480       0x20 ./OBJ/tn_mem.o
 .debug_aranges
                0x000004a0       0x20 ./OBJ/tn_mutex.o
 .debug_aranges
                0x000004c0       0x20 ./OBJ/tn_port.o
 .debug_aranges
                0x000004e0       0x20 ./OBJ/tn_sem.o
 .debug_aranges
                0x00000500       0x20 ./OBJ/tn_tasks.o
 .debug_aranges
                0x00000520       0x20 ./OBJ/tn_utils.o
 .debug_aranges
                0x00000540       0x20 ./OBJ/tn_user.o
 .debug_aranges
                0x00000560       0x20 ./OBJ/adc.o
 .debug_aranges
                0x00000580       0x20 ./OBJ/dac.o
 .debug_aranges
                0x000005a0       0x20 ./OBJ/ext_interrupt.o
 .debug_aranges
                0x000005c0       0x20 ./OBJ/hardware.o
 .debug_aranges
                0x000005e0       0x20 ./OBJ/i2c.o
 .debug_aranges
                0x00000600       0x20 ./OBJ/pwm.o
 .debug_aranges
                0x00000620       0x20 ./OBJ/rtc.o
 .debug_aranges
                0x00000640       0x20 ./OBJ/rtcISR.o
 .debug_aranges
                0x00000660       0x20 ./OBJ/spi.o
 .debug_aranges
                0x00000680       0x20 ./OBJ/ssp.o
 .debug_aranges
                0x000006a0       0x20 ./OBJ/timer.o
 .debug_aranges
                0x000006c0       0x20 ./OBJ/uart.o
 .debug_aranges
                0x000006e0       0x20 ./OBJ/uart_isr.o
 .debug_aranges
                0x00000700       0x20 ./OBJ/circular_buf.o
 .debug_aranges
                0x00000720       0x20 ./OBJ/malloc.o
 .debug_aranges
                0x00000740       0x20 ./OBJ/SoftTimer.o
 .debug_aranges
                0x00000760       0x20 ./OBJ/utils.o
 .debug_aranges
                0x00000780       0x20 ./OBJ/app.o
 .debug_aranges
                0x000007a0       0x20 c:/program files/yagarto/bin/../lib/gcc/arm-elf/4.3.2/../../../../arm-elf/lib\libc.a(lib_a-memcpy.o)
 .debug_aranges
                0x000007c0       0x20 c:/program files/yagarto/bin/../lib/gcc/arm-elf/4.3.2/../../../../arm-elf/lib\libc.a(lib_a-strlen.o)
 .debug_aranges
                0x000007e0       0x20 c:/program files/yagarto/bin/../lib/gcc/arm-elf/4.3.2\libgcc.a(_udivsi3.o)
 .debug_aranges
                0x00000800       0x20 c:/program files/yagarto/bin/../lib/gcc/arm-elf/4.3.2\libgcc.a(_divsi3.o)
 .debug_aranges
                0x00000820       0x20 c:/program files/yagarto/bin/../lib/gcc/arm-elf/4.3.2\libgcc.a(_umodsi3.o)
 .debug_aranges
                0x00000840       0x20 c:/program files/yagarto/bin/../lib/gcc/arm-elf/4.3.2\libgcc.a(_modsi3.o)
 .debug_aranges
                0x00000860       0x20 c:/program files/yagarto/bin/../lib/gcc/arm-elf/4.3.2\libgcc.a(_dvmd_tls.o)

.debug_pubnames
                0x00000000     0x2ad5
 *(.debug_pubnames)
 .debug_pubnames
                0x00000000       0xbc ./OBJ/fs_api.o
 .debug_pubnames
                0x000000bc       0xda ./OBJ/led.o
 .debug_pubnames
                0x00000196       0x76 ./OBJ/message_queue.o
 .debug_pubnames
                0x0000020c       0xe5 ./OBJ/test.o
 .debug_pubnames
                0x000002f1       0x87 ./OBJ/VCOM.o
 .debug_pubnames
                0x00000378       0x6d ./OBJ/74HC595.o
 .debug_pubnames
                0x000003e5       0x90 ./OBJ/PlayInt.o
 .debug_pubnames
                0x00000475       0x71 ./OBJ/buzzer.o
 .debug_pubnames
                0x000004e6      0x125 ./OBJ/lcd.o
 .debug_pubnames
                0x0000060b       0x1e ./OBJ/extISR.o
 .debug_pubnames
                0x00000629       0xa7 ./OBJ/ps2kbd.o
 .debug_pubnames
                0x000006d0       0x82 ./OBJ/vga.o
 .debug_pubnames
                0x00000752      0x158 ./OBJ/dir.o
 .debug_pubnames
                0x000008aa       0x35 ./OBJ/disc.o
 .debug_pubnames
                0x000008df       0x1f ./OBJ/efs.o
 .debug_pubnames
                0x000008fe       0x7c ./OBJ/extract.o
 .debug_pubnames
                0x0000097a      0x19b ./OBJ/fat.o
 .debug_pubnames
                0x00000b15       0xf9 ./OBJ/file.o
 .debug_pubnames
                0x00000c0e      0x205 ./OBJ/fs.o
 .debug_pubnames
                0x00000e13       0x45 ./OBJ/lpc2000_dbg_printf.o
 .debug_pubnames
                0x00000e58       0x64 ./OBJ/lpc2000_sd.o
 .debug_pubnames
                0x00000ebc       0xa3 ./OBJ/sd.o
 .debug_pubnames
                0x00000f5f      0x2cd ./OBJ/ioman.o
 .debug_pubnames
                0x0000122c       0xa9 ./OBJ/ls.o
 .debug_pubnames
                0x000012d5       0x24 ./OBJ/mkfs.o
 .debug_pubnames
                0x000012f9       0xdd ./OBJ/partition.o
 .debug_pubnames
                0x000013d6       0x40 ./OBJ/plibc.o
 .debug_pubnames
                0x00001416       0x48 ./OBJ/time.o
 .debug_pubnames
                0x0000145e       0x35 ./OBJ/ui.o
 .debug_pubnames
                0x00001493       0x4d ./OBJ/usbcontrol.o
 .debug_pubnames
                0x000014e0      0x162 ./OBJ/usbhw_lpc.o
 .debug_pubnames
                0x00001642       0x39 ./OBJ/usbinit.o
 .debug_pubnames
                0x0000167b       0x9e ./OBJ/usbstdreq.o
 .debug_pubnames
                0x00001719      0x205 ./OBJ/tn.o
 .debug_pubnames
                0x0000191e       0xc9 ./OBJ/tn_dqueue.o
 .debug_pubnames
                0x000019e7       0xc3 ./OBJ/tn_event.o
[...]
                                                  ./OBJ/tn_event.o
                                                  ./OBJ/tn_dqueue.o
task_hardware_verify_stack                        ./OBJ/app.o
task_set_dormant_state                            ./OBJ/tn_tasks.o
task_to_non_runnable                              ./OBJ/tn_tasks.o
task_to_runnable                                  ./OBJ/tn_tasks.o
                                                  ./OBJ/tn.o
task_wait_complete                                ./OBJ/tn_tasks.o
                                                  ./OBJ/tn_sem.o
                                                  ./OBJ/tn_mutex.o
                                                  ./OBJ/tn_mem.o
                                                  ./OBJ/tn_event.o
                                                  ./OBJ/tn_dqueue.o
                                                  ./OBJ/tn.o
tcb_hardware_verify_task                          ./OBJ/app.o
test_i2c_at24c256_flash                           ./OBJ/test.o
                                                  ./OBJ/app.o
test_leds                                         ./OBJ/led.o
                                                  ./OBJ/app.o
test_sd_card                                      ./OBJ/test.o
                                                  ./OBJ/app.o
test_uart0                                        ./OBJ/test.o
                                                  ./OBJ/app.o
test_uart1                                        ./OBJ/test.o
                                                  ./OBJ/app.o
test_usb                                          ./OBJ/test.o
                                                  ./OBJ/app.o
timer1_cb                                         ./OBJ/timer.o
timer1_int_func                                   ./OBJ/timer.o
tn_app_init                                       ./OBJ/app.o
                                                  ./OBJ/tn.o
tn_arm_disable_interrupts                         ./OBJ/startup_hardware_init.o
                                                  ./OBJ/app.o
tn_arm_enable_interrupts                          ./OBJ/startup_hardware_init.o
                                                  ./OBJ/tn_user.o
tn_blocked_tasks_list                             ./OBJ/tn_tasks.o
                                                  ./OBJ/tn_mutex.o
                                                  ./OBJ/tn.o
tn_calloc                                         ./OBJ/malloc.o
tn_chk_irq_disabled                               ./OBJ/tn_port_asm.o
                                                  ./OBJ/tn_tasks.o
                                                  ./OBJ/tn_sem.o
                                                  ./OBJ/tn_mutex.o
                                                  ./OBJ/tn_mem.o
                                                  ./OBJ/tn_event.o
                                                  ./OBJ/tn_dqueue.o
                                                  ./OBJ/tn.o
tn_context_switch_request                         ./OBJ/tn_tasks.o
                                                  ./OBJ/tn_sem.o
                                                  ./OBJ/tn_mem.o
                                                  ./OBJ/tn_event.o
                                                  ./OBJ/tn_dqueue.o
                                                  ./OBJ/tn.o
                                                  ./OBJ/tn_port_asm.o
tn_cpu_fiq_isr                                    ./OBJ/tn_port_asm.o
                                                  ./OBJ/app.o
                                                  ./OBJ/tnkernel_startup_gcc.o
tn_cpu_int_enable                                 ./OBJ/tn_user.o
                                                  ./OBJ/hardware.o
                                                  ./OBJ/tn.o
tn_cpu_irq_handler                                ./OBJ/tn_user.o
                                                  ./OBJ/tn_port_asm.o
tn_cpu_irq_isr                                    ./OBJ/tn_port_asm.o
                                                  ./OBJ/app.o
                                                  ./OBJ/tnkernel_startup_gcc.o
tn_cpu_restore_sr                                 ./OBJ/tn_port_asm.o
                                                  ./OBJ/SoftTimer.o
                                                  ./OBJ/malloc.o
                                                  ./OBJ/circular_buf.o
                                                  ./OBJ/adc.o
                                                  ./OBJ/tn_tasks.o
                                                  ./OBJ/tn_sem.o
                                                  ./OBJ/tn_mutex.o
                                                  ./OBJ/tn_mem.o
                                                  ./OBJ/tn_event.o
                                                  ./OBJ/tn_dqueue.o
                                                  ./OBJ/tn.o
                                                  ./OBJ/VCOM.o
tn_cpu_save_sr                                    ./OBJ/tn_port_asm.o
                                                  ./OBJ/SoftTimer.o
                                                  ./OBJ/malloc.o
                                                  ./OBJ/circular_buf.o
                                                  ./OBJ/adc.o
                                                  ./OBJ/tn_tasks.o
                                                  ./OBJ/tn_sem.o
                                                  ./OBJ/tn_mutex.o
                                                  ./OBJ/tn_mem.o
                                                  ./OBJ/tn_event.o
                                                  ./OBJ/tn_dqueue.o
                                                  ./OBJ/tn.o
                                                  ./OBJ/VCOM.o
tn_create_queue                                   ./OBJ/tn_tasks.o
                                                  ./OBJ/tn.o
tn_created_tasks_qty                              ./OBJ/tn_tasks.o
                                                  ./OBJ/tn.o
tn_curr_run_task                                  ./OBJ/tn_tasks.o
                                                  ./OBJ/tn_sem.o
                                                  ./OBJ/tn_mutex.o
                                                  ./OBJ/tn_mem.o
                                                  ./OBJ/tn_event.o
                                                  ./OBJ/tn_dqueue.o
                                                  ./OBJ/tn.o
                                                  ./OBJ/tn_port_asm.o
tn_enable_switch_context                          ./OBJ/tn_tasks.o
                                                  ./OBJ/tn.o
tn_event_clear                                    ./OBJ/tn_event.o
tn_event_create                                   ./OBJ/tn_event.o
tn_event_delete                                   ./OBJ/tn_event.o
tn_event_iclear                                   ./OBJ/tn_event.o
tn_event_iset                                     ./OBJ/tn_event.o
tn_event_iwait                                    ./OBJ/tn_event.o
tn_event_set                                      ./OBJ/tn_event.o
tn_event_wait                                     ./OBJ/tn_event.o
tn_event_wait_polling                             ./OBJ/tn_event.o
tn_fmem_create                                    ./OBJ/tn_mem.o
tn_fmem_delete                                    ./OBJ/tn_mem.o
tn_fmem_get                                       ./OBJ/tn_mem.o
tn_fmem_get_ipolling                              ./OBJ/tn_mem.o
tn_fmem_get_polling                               ./OBJ/tn_mem.o
tn_fmem_irelease                                  ./OBJ/tn_mem.o
tn_fmem_release                                   ./OBJ/tn_mem.o
tn_free                                           ./OBJ/malloc.o
                                                  ./OBJ/utils.o
tn_idle_count                                     ./OBJ/tn.o
tn_idle_task                                      ./OBJ/tn.o
tn_idle_task_stack                                ./OBJ/tn.o
tn_int_counter                                    ./OBJ/tn_tasks.o
                                                  ./OBJ/tn_sem.o
                                                  ./OBJ/tn_mutex.o
                                                  ./OBJ/tn_mem.o
                                                  ./OBJ/tn_event.o
                                                  ./OBJ/tn_dqueue.o
                                                  ./OBJ/tn.o
                                                  ./OBJ/tn_port_asm.o
tn_int_ctx_switch                                 ./OBJ/tn_port_asm.o
tn_int_default_func                               ./OBJ/tn_user.o
tn_locked_mutexes_list                            ./OBJ/tn_mutex.o
                                                  ./OBJ/tn.o
tn_malloc                                         ./OBJ/malloc.o
                                                  ./OBJ/utils.o
tn_malloc_data                                    ./OBJ/utils.o
                                                  ./OBJ/malloc.o
tn_malloc_init                                    ./OBJ/malloc.o
                                                  ./OBJ/utils.o
tn_mutex_create                                   ./OBJ/tn_mutex.o
tn_mutex_delete                                   ./OBJ/tn_mutex.o
tn_mutex_lock                                     ./OBJ/tn_mutex.o
tn_mutex_lock_polling                             ./OBJ/tn_mutex.o
tn_mutex_unlock                                   ./OBJ/tn_mutex.o
tn_next_task_to_run                               ./OBJ/tn_tasks.o
                                                  ./OBJ/tn.o
                                                  ./OBJ/tn_port_asm.o
tn_queue_create                                   ./OBJ/tn_dqueue.o
                                                  ./OBJ/message_queue.o
tn_queue_delete                                   ./OBJ/tn_dqueue.o
tn_queue_ireceive                                 ./OBJ/tn_dqueue.o
tn_queue_isend_polling                            ./OBJ/tn_dqueue.o
                                                  ./OBJ/message_queue.o
tn_queue_receive                                  ./OBJ/tn_dqueue.o
tn_queue_receive_polling                          ./OBJ/tn_dqueue.o
                                                  ./OBJ/message_queue.o
tn_queue_send                                     ./OBJ/tn_dqueue.o
tn_queue_send_polling                             ./OBJ/tn_dqueue.o
tn_ready_list                                     ./OBJ/tn_tasks.o
                                                  ./OBJ/tn.o
tn_ready_to_run_bmp                               ./OBJ/tn_tasks.o
                                                  ./OBJ/tn.o
tn_realloc                                        ./OBJ/malloc.o
tn_sem_acquire                                    ./OBJ/tn_sem.o
tn_sem_create                                     ./OBJ/tn_sem.o
tn_sem_delete                                     ./OBJ/tn_sem.o
tn_sem_ipolling                                   ./OBJ/tn_sem.o
tn_sem_isignal                                    ./OBJ/tn_sem.o
tn_sem_polling                                    ./OBJ/tn_sem.o
tn_sem_signal                                     ./OBJ/tn_sem.o
tn_stack_init                                     ./OBJ/tn_port.o
                                                  ./OBJ/tn_tasks.o
tn_start_exe                                      ./OBJ/tn_port_asm.o
                                                  ./OBJ/tn.o
tn_start_system                                   ./OBJ/tn.o
                                                  ./OBJ/app.o
tn_startup_hardware_init                          ./OBJ/startup_hardware_init.o
                                                  ./OBJ/tnkernel_startup_gcc.o
tn_switch_context                                 ./OBJ/tn_port_asm.o
                                                  ./OBJ/tn_tasks.o
                                                  ./OBJ/tn_sem.o
                                                  ./OBJ/tn_mutex.o
                                                  ./OBJ/tn_mem.o
                                                  ./OBJ/tn_event.o
                                                  ./OBJ/tn_dqueue.o
tn_switch_context_exit                            ./OBJ/tn_port_asm.o
                                                  ./OBJ/tn_tasks.o
tn_sys_tslice_ticks                               ./OBJ/tn.o
tn_system_state                                   ./OBJ/tn_tasks.o
                                                  ./OBJ/tn_sem.o
                                                  ./OBJ/tn_mutex.o
                                                  ./OBJ/tn_mem.o
                                                  ./OBJ/tn_event.o
                                                  ./OBJ/tn_dqueue.o
                                                  ./OBJ/tn.o
                                                  ./OBJ/tn_port_asm.o
tn_task_activate                                  ./OBJ/tn_tasks.o
tn_task_change_priority                           ./OBJ/tn_tasks.o
tn_task_create                                    ./OBJ/tn_tasks.o
                                                  ./OBJ/app.o
                                                  ./OBJ/tn.o
tn_task_delete                                    ./OBJ/tn_tasks.o
tn_task_exit                                      ./OBJ/tn_tasks.o
                                                  ./OBJ/tn_port.o
tn_task_iactivate                                 ./OBJ/tn_tasks.o
tn_task_irelease_wait                             ./OBJ/tn_tasks.o
tn_task_iwakeup                                   ./OBJ/tn_tasks.o
tn_task_release_wait                              ./OBJ/tn_tasks.o
tn_task_resume                                    ./OBJ/tn_tasks.o
tn_task_sleep                                     ./OBJ/tn_tasks.o
                                                  ./OBJ/app.o
                                                  ./OBJ/tn.o
tn_task_suspend                                   ./OBJ/tn_tasks.o
tn_task_terminate                                 ./OBJ/tn_tasks.o
tn_task_wakeup                                    ./OBJ/tn_tasks.o
tn_tick_int_processing                            ./OBJ/tn.o
                                                  ./OBJ/tn_user.o
tn_timer0_int_func                                ./OBJ/tn_user.o
                                                  ./OBJ/timer.o
tn_timer_task                                     ./OBJ/tn.o
tn_timer_task_stack                               ./OBJ/tn.o
tn_tslice_ticks                                   ./OBJ/tn.o
tn_uart0_int_func                                 ./OBJ/tn_user.o
tn_wait_timeout_list                              ./OBJ/tn_tasks.o
                                                  ./OBJ/tn.o
try_lock_mutex                                    ./OBJ/tn_mutex.o
turn_off_all_leds                                 ./OBJ/led.o
                                                  ./OBJ/app.o
                                                  ./OBJ/hardware.o
turn_off_buzzer                                   ./OBJ/buzzer.o
                                                  ./OBJ/hardware.o
turn_off_lcd_back_light_cb                        ./OBJ/lcd.o
turn_on_led                                       ./OBJ/74HC595.o
                                                  ./OBJ/test.o
                                                  ./OBJ/led.o
u_free                                            ./OBJ/utils.o
u_itoa                                            ./OBJ/utils.o
u_malloc                                          ./OBJ/utils.o
uart0Getch                                        ./OBJ/uart.o
uart0ISR                                          ./OBJ/uart_isr.o
                                                  ./OBJ/uart.o
uart0Init                                         ./OBJ/uart.o
uart0Putch                                        ./OBJ/uart.o
uart0Puts                                         ./OBJ/uart.o
uart0Receive                                      ./OBJ/uart.o
                                                  ./OBJ/app.o
uart0Space                                        ./OBJ/uart.o
uart0TxEmpty                                      ./OBJ/uart.o
uart0TxFlush                                      ./OBJ/uart.o
uart0Write                                        ./OBJ/uart.o
                                                  ./OBJ/test.o
uart0_rx_buf                                      ./OBJ/uart_isr.o
                                                  ./OBJ/uart.o
uart0_rx_fifo_ptr                                 ./OBJ/uart.o
uart0_tx_buffer                                   ./OBJ/uart_isr.o
                                                  ./OBJ/uart.o
uart0_tx_extract_idx                              ./OBJ/uart_isr.o
                                                  ./OBJ/uart.o
uart0_tx_insert_idx                               ./OBJ/uart_isr.o
                                                  ./OBJ/uart.o
uart0_tx_running                                  ./OBJ/uart_isr.o
                                                  ./OBJ/uart.o
uart1Getch                                        ./OBJ/uart.o
uart1ISR                                          ./OBJ/uart_isr.o
                                                  ./OBJ/uart.o
uart1Init                                         ./OBJ/uart.o
uart1Putch                                        ./OBJ/uart.o
uart1Puts                                         ./OBJ/uart.o
uart1Receive                                      ./OBJ/uart.o
                                                  ./OBJ/app.o
uart1Space                                        ./OBJ/uart.o
uart1TxEmpty                                      ./OBJ/uart.o
uart1TxFlush                                      ./OBJ/uart.o
uart1Write                                        ./OBJ/uart.o
                                                  ./OBJ/test.o
uart1_rx_buf                                      ./OBJ/uart_isr.o
                                                  ./OBJ/uart.o
uart1_rx_fifo_ptr                                 ./OBJ/uart.o
uart1_tx_buffer                                   ./OBJ/uart_isr.o
                                                  ./OBJ/uart.o
uart1_tx_extract_idx                              ./OBJ/uart_isr.o
                                                  ./OBJ/uart.o
uart1_tx_insert_idx                               ./OBJ/uart_isr.o
                                                  ./OBJ/uart.o
uart1_tx_running                                  ./OBJ/uart_isr.o
                                                  ./OBJ/uart.o
uclk_handler                                      ./OBJ/SoftTimer.o
                                                  ./OBJ/timer.o
unshifted                                         ./OBJ/ps2kbd.o
vsyn_state                                        ./OBJ/vga.o
vsync_timer_function                              ./OBJ/vga.o
wait_lcd                                          ./OBJ/lcd.o
wav_data                                          ./OBJ/PlayInt.o
xgetkey                                           ./OBJ/ps2kbd.o
                                                  ./OBJ/test.o
